******************************************************************************
               TMS320C6x Linker Unix v7.4.4                    
******************************************************************************
>> Linked Fri Aug  8 19:28:48 2014

OUTPUT FILE NAME:   <tcp3d_dsp_test.out>
ENTRY POINT SYMBOL: "_c_int00"  address: 008f7c00


MEMORY CONFIGURATION

         name            origin    length      used     unused   attr    fill
----------------------  --------  ---------  --------  --------  ----  --------
  L2SRAM                00800000   00100000  000fbdf4  0000420c  RW X
  MSMCSRAM              0c000000   00600000  00000014  005fffec  RW X
  DDR3                  80000000   80000000  00000000  80000000  RWIX


SEGMENT ALLOCATION MAP

run origin  load origin   length   init length attrs members
----------  ----------- ---------- ----------- ----- -------
00800000    00800000    00071230   000000f0    rw-
  00800000    00800000    000000f0   000000f0    rw- .resource_table
  008000f0    008000f0    00071140   00000000    rw- .far
00871230    00871230    00000010   00000010    rw-
  00871230    00871230    00000010   00000010    rw- .fardata.1
00871240    00871240    000301e0   000301e0    r-x
  00871240    00871240    000301e0   000301e0    r-x .text
008a1420    008a1420    00021f14   00021f14    rw-
  008a1420    008a1420    00021f14   00021f14    rw- .fardata.2
008c3338    008c3338    00018000   00000000    rw-
  008c3338    008c3338    00018000   00000000    rw- systemHeap
008db340    008db340    00017018   00017018    r--
  008db340    008db340    00017018   00017018    r-- .const
008f2358    008f2358    00005000   00000000    rw-
  008f2358    008f2358    00004000   00000000    rw- tcp3DriverSection
  008f6358    008f6358    00001000   00000000    rw- .stack
008f7358    008f7358    000000a8   000000a8    r--
  008f7358    008f7358    000000a8   000000a8    r-- .switch.1
008f7400    008f7400    00000200   00000200    r-x
  008f7400    008f7400    00000200   00000200    r-x .vecs
008f7600    008f7600    00000186   00000000    rw-
  008f7600    008f7600    00000120   00000000    rw- .cio
  008f7720    008f7720    00000066   00000000    rw- .bss
008f7788    008f7788    00000074   00000074    rw-
  008f7788    008f7788    00000074   00000074    rw- .neardata
008f77fc    008f77fc    00000008   00000008    r--
  008f77fc    008f77fc    00000008   00000008    r-- .rodata
008f7804    008f7804    00000020   00000020    r--
  008f7804    008f7804    00000020   00000020    r-- .switch.2
008f7c00    008f7c00    000045dc   000045dc    r-x
  008f7c00    008f7c00    000000a0   000000a0    r-x .text:_c_int00
  008f7ca0    008f7ca0    0000453c   0000453c    r-- .cinit
0c000000    0c000000    00000014   00000000    rw-
  0c000000    0c000000    00000014   00000000    rw- .main_mem


SECTION ALLOCATION MAP

 output                                  attributes/
section   page    origin      length       input sections
--------  ----  ----------  ----------   ----------------
.init_array 
*          0    00800000    00000000     UNINITIALIZED

.init_array 
*          0    0c000000    00000000     UNINITIALIZED

.resource_table 
*          0    00800000    000000f0     
                  00800000    000000f0     dsp_main_pe66.oe66 (.resource_table)

xdc.meta   0    00800000    00000128     COPY SECTION
                  00800000    00000128     dsp_main_pe66.oe66 (xdc.meta)

.far       0    008000f0    00071140     UNINITIALIZED
                  008000f0    00040428     ti.ipc.rpmsg_tci6638.ae66 : RPMessage.oe66 (.far)
                  00840518    00028030     dsp_main_pe66.oe66 (.far)
                  00868548    00008054     dsp_main.obj (.far)
                  0087059c    00000004     --HOLE--
                  008705a0    00000800     dsp_main_pe66.oe66 (.far:taskStackSection)
                  00870da0    00000208     sample_int_reg.obj (.far)
                  00870fa8    00000140     rts6600_elf.lib : defs.obj (.far)
                  008710e8    000000b0     ti.ipc.namesrv.ae66 : NameServerRemoteRpmsg.oe66 (.far)
                  00871198    0000008c     edma3_lld_rm.ae66 : edma3resmgr.oe66 (.far)
                  00871224    00000004     --HOLE--
                  00871228    00000008     rts6600_elf.lib : trgdrv.obj (.far)

.fardata.1 
*          0    00871230    00000010     
                  00871230    00000010     edma3_lld_rm.ae66 : edma3_rm_gbl_data.oe66 (.fardata:.edma3Globals:init)

.text      0    00871240    000301e0     
                  00871240    00003a80     tcp3d_drv.obj (.text)
                  00874cc0    00001f00     dsp_main.obj (.text)
                  00876bc0    00001260     tcp3d_reg.obj (.text)
                  00877e20    00001060     tcp3d_test_functions.obj (.text)
                  00878e80    00000d60     tcp3d_drv_sample_init.obj (.text)
                  00879be0    00000d20     edma3_lld_rm.ae66 : edma3resmgr.oe66 (.text:EDMA3_RM_allocResource)
                  0087a900    00000c60     edma3_lld_drv.ae66 : edma3_drv_basic.oe66 (.text:EDMA3_DRV_requestChannel)
                  0087b560    000009e0     tcp3d_betaState.obj (.text)
                  0087bf40    000008a0     ti.targets.rts6000.ae66 : System.oe66 (.text:xdc_runtime_System_doPrint__I)
                  0087c7e0    00000860     sysbios.ae66 : BIOS.obj (.text:ti_sysbios_heaps_HeapBuf_Instance_init__F)
                  0087d040    00000840     ipc.ae66 : Ipc.obj (.text:MessageQ_put)
                  0087d880    00000800     edma3_lld_rm.ae66 : edma3resmgr.oe66 (.text:edma3CCErrHandler)
                  0087e080    00000780     ti.ipc.namesrv.ae66 : NameServerRemoteRpmsg.oe66 (.text:ti_ipc_namesrv_NameServerRemoteRpmsg_get__F)
                  0087e800    00000780     sysbios.ae66 : BIOS.obj (.text:ti_sysbios_family_c64p_Exception_handler__I)
                  0087ef80    00000740     ti.ipc.family.tci6638.ae66 : VirtQueue.oe66 (.text:ti_ipc_family_tci6638_VirtQueue_Instance_init__F)
                  0087f6c0    00000700     edma3_lld_rm.ae66 : edma3resmgr.oe66 (.text:EDMA3_RM_open)
                  0087fdc0    00000700     sysbios.ae66 : BIOS.obj (.text:ti_sysbios_knl_Semaphore_pend__E)
                  008804c0    000006c0     tcp3d_inputConfigPrep.obj (.text)
                  00880b80    000006a0     ti.ipc.rpmsg_tci6638.ae66 : RPMessage.oe66 (.text:RPMessage_send)
                  00881220    00000680     edma3_lld_rm.ae66 : edma3resmgr.oe66 (.text:EDMA3_RM_create)
                  008818a0    00000660     sysbios.ae66 : BIOS.obj (.text:ti_sysbios_heaps_HeapMem_alloc__E)
                  00881f00    00000660                  : BIOS.obj (.text:ti_sysbios_knl_Task_Instance_finalize__F)
                  00882560    000005e0     sample_int_reg.obj (.text)
                  00882b40    000005e0     sysbios.ae66 : BIOS.obj (.text:ti_sysbios_heaps_HeapMem_free__E)
                  00883120    000005c0     rts6600_elf.lib : divd.obj (.text:__c6xabi_divd)
                  008836e0    000005c0                     : _printfi.obj (.text:_getarg_diouxp)
                  00883ca0    000005a0     sysbios.ae66 : BIOS.obj (.text:ti_sysbios_timers_timer64_Timer_Module_startup__F)
                  00884240    00000580     edma3_lld_rm.ae66 : edma3resmgr.oe66 (.text:EDMA3_RM_freeResource)
                  008847c0    00000540     ipc.ae66 : Ipc.obj (.text:MessageQ_free)
                  00884d00    000004e0     ti.ipc.rpmsg_tci6638.ae66 : RPMessage.oe66 (.text:RPMessage_init)
                  008851e0    000004e0     edma3_lld_rm.ae66 : edma3resmgr.oe66 (.text:edma3TCErrHandler)
                  008856c0    000004c0     edma3_lld_drv.ae66 : edma3_drv_basic.oe66 (.text:EDMA3_DRV_disableTransfer)
                  00885b80    00000480     sysbios.ae66 : BIOS.obj (.text:ti_sysbios_knl_Task_Module_startup__F)
                  00886000    00000460     ti.ipc.rpmsg_tci6638.ae66 : RPMessage.oe66 (.text:RPMessage_create)
                  00886460    00000460     rts6600_elf.lib : _printfi.obj (.text:_printfi)
                  008868c0    00000460                     : _printfi.obj (.text:_setfield)
                  00886d20    00000460     sysbios.ae66 : BIOS.obj (.text:ti_sysbios_heaps_HeapBuf_free__F)
                  00887180    00000400     ti.ipc.namesrv.ae66 : NameServerRemoteRpmsg.oe66 (.text:NameServerRemote_processMessage)
                  00887580    00000400     sample_cs.obj (.text)
                  00887980    00000400     ipc.ae66 : Ipc.obj (.text:ti_sdo_ipc_Notify_Instance_init__F)
                  00887d80    00000400     ti.ipc.transports.ae66 : TransportRpmsg.oe66 (.text:transportCallbackFxn)
                  00888180    000003e0     sysbios.ae66 : BIOS.obj (.text:ti_sysbios_gates_GateMutexPri_enter__E)
                  00888560    000003c0                  : BIOS.obj (.text:ti_sysbios_knl_Task_Instance_init__F)
                  00888920    000003c0                  : BIOS.obj (.text:ti_sysbios_knl_Task_setPri__E)
                  00888ce0    000003a0     edma3_lld_drv.ae66 : edma3_drv_init.oe66 (.text:EDMA3_DRV_create)
                  00889080    000003a0                        : edma3_drv_basic.oe66 (.text:EDMA3_DRV_freeChannel)
                  00889420    000003a0                        : edma3_drv_init.oe66 (.text:edma3OpenResMgr)
                  008897c0    000003a0     rts6600_elf.lib : fputs.obj (.text:fputs)
                  00889b60    00000380     edma3_lld_drv.ae66 : edma3_drv_basic.oe66 (.text:EDMA3_DRV_enableTransfer)
                  00889ee0    00000360     sysbios.ae66 : BIOS.obj (.text:ti_sysbios_heaps_HeapBuf_alloc__E)
                  0088a240    00000360     dsp_main_pe66.oe66 (.text:xdc_runtime_System_printfExtend__I)
                  0088a5a0    00000320     rts6600_elf.lib : _printfi.obj (.text:_pproc_fge)
                  0088a8c0    00000320     sysbios.ae66 : BIOS.obj (.text:ti_sysbios_knl_Swi_restoreHwi__E)
                  0088abe0    00000300                  : BIOS.obj (.text:ti_sysbios_knl_Swi_runLoop__I)
                  0088aee0    000002e0     edma3_lld_drv.ae66 : edma3_drv_init.oe66 (.text:EDMA3_DRV_open)
                  0088b1c0    000002e0     ipc.ae66 : Ipc.obj (.text:MessageQ_alloc)
                  0088b4a0    000002e0     rts6600_elf.lib : _printfi.obj (.text:_pproc_fwp)
                  0088b780    000002e0     sysbios.ae66 : BIOS.obj (.text:ti_sysbios_heaps_HeapMem_Instance_init__F)
                  0088ba60    000002c0     edma3_lld_drv.ae66 : edma3_drv_basic.oe66 (.text:edma3RemoveMapping)
                  0088bd20    000002c0     sysbios.ae66 : BIOS.obj (.text:ti_sysbios_family_c66_tci66xx_CpIntc_Module_startup__F)
                  0088bfe0    000002a0     ipc.ae66 : Ipc.obj (.text:NameServer_getLocal)
                  0088c280    000002a0     rts6600_elf.lib : _printfi.obj (.text:fcvt)
                  0088c520    000002a0     sysbios.ae66 : BIOS.obj (.text:ti_sysbios_knl_Clock_workFunc__E)
                  0088c7c0    000002a0                  : BIOS.obj (.text:ti_sysbios_knl_Task_exit__E)
                  0088ca60    00000280     ti.ipc.rpmsg_tci6638.ae66 : RPMessage.oe66 (.text:RPMessage_swiFxn)
                  0088cce0    00000280     rts6600_elf.lib : _printfi.obj (.text:ecvt)
                  0088cf60    00000280     edma3_lld_rm.ae66 : edma3resmgr.oe66 (.text:edma3ShadowRegionInit)
                  0088d1e0    00000280     tcp3d_codeBlkSeg.obj (.text)
                  0088d460    00000280     sysbios.ae66 : BIOS.obj (.text:ti_sysbios_timers_timer64_Timer_deviceConfig__I)
                  0088d6e0    00000280     ti.targets.rts6000.ae66 : Error.oe66 (.text:xdc_runtime_Error_raiseX__F)
                  0088d960    00000260     sysbios.ae66 : BIOS.obj (.text:ti_sysbios_family_c64p_Hwi_dispatchCore__I)
                  0088dbc0    00000260                  : BIOS.obj (.text:ti_sysbios_family_c64p_Hwi_reconfig__E)
                  0088de20    00000260                  : BIOS.obj (.text:ti_sysbios_knl_Semaphore_post__E)
                  0088e080    00000260     ti.targets.rts6000.ae66 : Startup.oe66 (.text:xdc_runtime_Startup_startMods__I)
                  0088e2e0    00000240     edma3_lld_rm.ae66 : edma3resmgr.oe66 (.text:EDMA3_RM_close)
                  0088e520    00000240                       : edma3resmgr.oe66 (.text:EDMA3_RM_registerTccCb)
                  0088e760    00000240                       : edma3resmgr.oe66 (.text:EDMA3_RM_unregisterTccCb)
                  0088e9a0    00000240     rts6600_elf.lib : imath64.obj (.text:__c6xabi_divull)
                  0088ebe0    00000240                     : _printfi.obj (.text:_pconv_e)
                  0088ee20    00000240                     : _printfi.obj (.text:_pproc_diouxp)
                  0088f060    00000240     ti.ipc.family.tci6638.ae66 : Interrupt.oe66 (.text:ti_ipc_family_tci6638_Interrupt_intRegister__E)
                  0088f2a0    00000240     sysbios.ae66 : BIOS.obj (.text:ti_sysbios_family_c64p_Exception_internalHandler__I)
                  0088f4e0    00000220     rts6600_elf.lib : _printfi.obj (.text:_pproc_str)
                  0088f700    00000220                     : fputc.obj (.text:fputc)
                  0088f920    00000220     ti.ipc.family.tci6638.ae66 : Interrupt.oe66 (.text:ti_ipc_family_tci6638_Interrupt_intSend__E)
                  0088fb40    00000220     sysbios.ae66 : BIOS.obj (.text:ti_sysbios_knl_Task_schedule__I)
                  0088fd60    00000220                  : BIOS.obj (.text:ti_sysbios_knl_Task_startCore__E)
                  0088ff80    00000220     ti.targets.rts6000.ae66 : Core-mem.oe66 (.text:xdc_runtime_Core_createObject__I)
                  008901a0    00000200     ipc.ae66 : Ipc.obj (.text:MultiProc_getId)
                  008903a0    00000200     rts6600_elf.lib : _printfi.obj (.text:_pconv_g)
                  008905a0    00000200     sysbios.ae66 : c64p_Hwi_disp_always.obj (.text:_ti_sysbios_family_c64p_Hwi_dispatchAlways)
                  008907a0    00000200     sample_init.obj (.text)
                  008909a0    00000200     rts6600_elf.lib : setvbuf.obj (.text:setvbuf)
                  00890ba0    00000200     ti.ipc.family.tci6638.ae66 : Interrupt.oe66 (.text:ti_ipc_family_tci6638_Interrupt_isr__I)
                  00890da0    00000200                                : VirtQueue.oe66 (.text:ti_ipc_family_tci6638_VirtQueue_getAvailBuf__E)
                  00890fa0    00000200     ti.ipc.transports.ae66 : TransportRpmsg.oe66 (.text:ti_ipc_transports_TransportRpmsg_Instance_init__F)
                  008911a0    00000200                            : TransportRpmsg.oe66 (.text:ti_ipc_transports_TransportRpmsg_put__E)
                  008913a0    00000200     ipc.ae66 : Ipc.obj (.text:ti_sdo_ipc_family_tci663x_MultiProcSetup_init__I)
                  008915a0    00000200     ti.targets.rts6000.ae66 : Log.oe66 (.text:xdc_runtime_Log_doPrint__F)
                  008917a0    000001e0     edma3_lld_rm.ae66 : edma3resmgr.oe66 (.text:edma3GlobalRegionInit)
                  00891980    000001e0     sysbios.ae66 : BIOS.obj (.text:ti_sysbios_knl_Task_postInit__I)
                  00891b60    000001e0                  : BIOS.obj (.text:ti_sysbios_timers_timer64_Timer_getFreq__E)
                  00891d40    000001c0     rts6600_elf.lib : _printfi.obj (.text:_mcpy)
                  00891f00    000001c0     sysbios.ae66 : BIOS.obj (.text:ti_sysbios_knl_Task_checkStacks__E)
                  008920c0    000001c0                  : BIOS.obj (.text:ti_sysbios_timers_timer64_Timer_setPeriodMicroSecs__E)
                  00892280    000001c0     ti.targets.rts6000.ae66 : Text.oe66 (.text:xdc_runtime_Text_putSite__F)
                  00892440    000001a0     rts6600_elf.lib : trgdrv.obj (.text:HOSTrename)
                  008925e0    000001a0     ti.ipc.ipcmgr.ae66 : IpcMgr.oe66 (.text:IpcMgr_ipcStartup)
                  00892780    000001a0     ipc.ae66 : Ipc.obj (.text:MultiProc_setLocalId)
                  00892920    000001a0              : Ipc.obj (.text:NameServer_getHandle)
                  00892ac0    000001a0              : Ipc.obj (.text:SharedRegion_getHeap)
                  00892c60    000001a0     rts6600_elf.lib : imath40.obj (.text:__c6xabi_divul)
                  00892e00    000001a0     ti.ipc.family.tci6638.ae66 : Interrupt.oe66 (.text:ti_ipc_family_tci6638_Interrupt_Module_startup__F)
                  00892fa0    000001a0                                : VirtQueue.oe66 (.text:ti_ipc_family_tci6638_VirtQueue_startup__F)
                  00893140    000001a0     sysbios.ae66 : BIOS.obj (.text:ti_sysbios_family_c66_Cache_block__I)
                  008932e0    000001a0                  : BIOS.obj (.text:ti_sysbios_family_c66_tci66xx_CpIntc_dispatch__F)
                  00893480    000001a0                  : BIOS.obj (.text:ti_sysbios_gates_GateMutex_enter__E)
                  00893620    000001a0                  : BIOS.obj (.text:ti_sysbios_knl_Swi_Instance_init__F)
                  008937c0    000001a0                  : BIOS.obj (.text:ti_sysbios_knl_Task_unblockI__E)
                  00893960    000001a0                  : BIOS.obj (.text:ti_sysbios_timers_timer64_Timer_start__E)
                  00893b00    00000180     ti.ipc.rpmsg_tci6638.ae66 : RPMessage.oe66 (.text:RPMessage_finalize)
                  00893c80    00000180     rts6600_elf.lib : copy_decompress_rle.obj (.text:__TI_decompress_rle_core)
                  00893e00    00000180     ti.ipc.rpmsg_tci6638.ae66 : RPMessage.oe66 (.text:callback_availBufReady)
                  00893f80    00000180     sysbios.ae66 : c64p_Exception_asm.obj (.text)
                  00894100    00000180     ti.ipc.family.tci6638.ae66 : VirtQueue.oe66 (.text:ti_ipc_family_tci6638_VirtQueue_kick__E)
                  00894280    00000180     ipc.ae66 : Ipc.obj (.text:ti_sdo_ipc_MessageQ_registerTransport__F)
                  00894400    00000180              : Ipc.obj (.text:ti_sdo_ipc_MessageQ_unregisterTransport__F)
                  00894580    00000180              : Ipc.obj (.text:ti_sdo_ipc_Notify_Module_startup__F)
                  00894700    00000180              : Ipc.obj (.text:ti_sdo_utils_NameServer_Module_startup__F)
                  00894880    00000180     sysbios.ae66 : BIOS.obj (.text:ti_sysbios_heaps_HeapBuf_Module_startup__F)
                  00894a00    00000160     edma3_lld_drv.ae66 : edma3_drv_init.oe66 (.text:EDMA3_DRV_delete)
                  00894b60    00000160                        : edma3_drv_adv.oe66 (.text:EDMA3_DRV_registerTccCb)
                  00894cc0    00000160     edma3_lld_rm.ae66 : edma3resmgr.oe66 (.text:EDMA3_RM_delete)
                  00894e20    00000160     ti.ipc.family.tci6638.ae66 : Interrupt.oe66 (.text:ti_ipc_family_tci6638_Interrupt_checkAndClear__F)
                  00894f80    00000160     ipc.ae66 : Ipc.obj (.text:ti_sdo_utils_NameServer_registerRemoteDriver__E)
                  008950e0    00000160              : Ipc.obj (.text:ti_sdo_utils_NameServer_unregisterRemoteDriver__E)
                  00895240    00000160     sysbios.ae66 : BIOS.obj (.text:ti_sysbios_BIOS_rtsUnlock__I)
                  008953a0    00000140     ti.csl.ae66 : csl_chip.oe66 (.text:CSL_chipReadReg)
                  008954e0    00000140     edma3_lld_drv.ae66 : edma3_drv_init.oe66 (.text:EDMA3_DRV_close)
                  00895620    00000140                        : edma3_drv_adv.oe66 (.text:EDMA3_DRV_getPaRAMPhyAddr)
                  00895760    00000140                        : edma3_drv_adv.oe66 (.text:EDMA3_DRV_setPaRAM)
                  008958a0    00000140     boot.ae66 : autoinit.oe66 (.text:_auto_init_elf)
                  008959e0    00000140     rts6600_elf.lib : _printfi.obj (.text:_pproc_fflags)
                  00895b20    00000140                     : lowlev.obj (.text:getdevice)
                  00895c60    00000140     tcp3d_itg.obj (.text)
                  00895da0    00000140     ti.ipc.transports.ae66 : TransportRpmsgSetup.oe66 (.text:ti_ipc_transports_TransportRpmsgSetup_attach__E)
                  00895ee0    00000140     sysbios.ae66 : BIOS.obj (.text:ti_sysbios_family_c64p_Hwi_Module_startup__F)
                  00896020    00000140                  : BIOS.obj (.text:ti_sysbios_family_c66_Cache_Module_startup__F)
                  00896160    00000140                  : BIOS.obj (.text:ti_sysbios_gates_GateSwi_enter__E)
                  008962a0    00000140                  : BIOS.obj (.text:ti_sysbios_knl_Semaphore_Instance_init__F)
                  008963e0    00000140                  : BIOS.obj (.text:ti_sysbios_knl_Swi_post__E)
                  00896520    00000140                  : BIOS.obj (.text:ti_sysbios_knl_Task_blockI__E)
                  00896660    00000140     ti.targets.rts6000.ae66 : Text.oe66 (.text:xdc_runtime_Text_putLab__F)
                  008967a0    00000120     edma3_lld_drv.ae66 : edma3_drv_adv.oe66 (.text:EDMA3_DRV_unregisterTccCb)
                  008968c0    00000120     rts6600_elf.lib : fclose.obj (.text:_closefile)
                  008969e0    00000120                     : _printfi.obj (.text:_ltostr)
                  00896b00    00000120                     : fseek.obj (.text:fseek)
                  00896c20    00000120     ti.ipc.family.tci6638.ae66 : VirtQueue.oe66 (.text:ti_ipc_family_tci6638_VirtQueue_addUsedBuf__E)
                  00896d40    00000120     ipc.ae66 : Ipc.obj (.text:ti_sdo_ipc_MessageQ_Module_startup__F)
                  00896e60    00000120     sysbios.ae66 : BIOS.obj (.text:ti_sysbios_xdcruntime_GateThreadSupport_leave__F)
                  00896f80    00000120     ti.targets.rts6000.ae66 : Text.oe66 (.text:xdc_runtime_Text_putMod__F)
                  008970a0    00000100     rts6600_elf.lib : trgdrv.obj (.text:HOSTlseek)
                  008971a0    00000100     ti.ipc.family.tci6638.ae66 : VirtQueue.oe66 (.text:VirtQueue_cacheWb)
                  008972a0    00000100                                : VirtQueue.oe66 (.text:VirtQueue_isr)
                  008973a0    00000100     rts6600_elf.lib : _io_perm.obj (.text:_wrt_ok)
                  008974a0    00000100                     : fprintf.obj (.text:fprintf)
                  008975a0    00000100     ti.ipc.namesrv.ae66 : NameServerRemoteRpmsg.oe66 (.text:ti_ipc_namesrv_NameServerRemoteRpmsg_detach__E)
                  008976a0    00000100     ti.ipc.transports.ae66 : TransportRpmsg.oe66 (.text:ti_ipc_transports_TransportRpmsg_Instance_finalize__F)
                  008977a0    00000100     ipc.ae66 : Ipc.obj (.text:ti_sdo_ipc_Notify_Instance_finalize__F)
                  008978a0    00000100              : Ipc.obj (.text:ti_sdo_ipc_gates_GateHWSem_Module_startup__F)
                  008979a0    00000100     sysbios.ae66 : BIOS.obj (.text:ti_sysbios_family_c64p_EventCombiner_dispatch__F)
                  00897aa0    00000100                  : BIOS.obj (.text:ti_sysbios_gates_GateMutexPri_leave__E)
                  00897ba0    00000100                  : BIOS.obj (.text:ti_sysbios_timers_timer64_Timer_initDevice__I)
                  00897ca0    00000100     ti.targets.rts6000.ae66 : Core-mem.oe66 (.text:xdc_runtime_Core_deleteObject__I)
                  00897da0    00000100                             : Startup.oe66 (.text:xdc_runtime_Startup_exec__F)
                  00897ea0    00000100                             : Text.oe66 (.text:xdc_runtime_Text_visitRope2__I)
                  00897fa0    000000e0     rts6600_elf.lib : trgdrv.obj (.text:HOSTopen)
                  00898080    000000e0                     : _printfi.obj (.text:_div)
                  00898160    000000e0                     : atoi.obj (.text:atoi)
                  00898240    000000e0                     : lowlev.obj (.text:close)
                  00898320    000000e0                     : copy_zero_init.obj (.text:decompress:ZI:__TI_zero_init)
                  00898400    000000e0                     : fflush.obj (.text:fflush)
                  008984e0    000000e0                     : ltoa.obj (.text:ltoa)
                  008985c0    000000e0                     : memset.obj (.text:memset)
                  008986a0    000000e0                     : printf.obj (.text:printf)
                  00898780    000000e0     ti.ipc.namesrv.ae66 : NameServerRemoteRpmsg.oe66 (.text:ti_ipc_namesrv_NameServerRemoteRpmsg_Instance_init__F)
                  00898860    000000e0                         : NameServerRemoteRpmsg.oe66 (.text:ti_ipc_namesrv_NameServerRemoteRpmsg_attach__E)
                  00898940    000000e0     ti.ipc.remoteproc.ae66 : Resource.oe66 (.text:ti_ipc_remoteproc_Resource_getVringDA__E)
                  00898a20    000000e0     dsp_main_pe66.oe66 (.text:ti_sdo_ipc_Notify_Object__create__S)
                  00898b00    000000e0     sysbios.ae66 : BIOS.obj (.text:ti_sysbios_family_c64p_Hwi_Instance_finalize__F)
                  00898be0    000000e0                  : BIOS.obj (.text:ti_sysbios_family_c64p_Hwi_Instance_init__F)
                  00898cc0    000000e0     dsp_main_pe66.oe66 (.text:ti_sysbios_family_c64p_Hwi_Object__create__S)
                  00898da0    000000e0     sysbios.ae66 : BIOS.obj (.text:ti_sysbios_knl_Swi_Instance_finalize__F)
                  00898e80    000000e0                  : BIOS.obj (.text:ti_sysbios_timers_timer64_Timer_startup__E)
                  00898f60    000000e0     ti.targets.rts6000.ae66 : Error.oe66 (.text:xdc_runtime_Error_print__F)
                  00899040    000000e0                             : Memory.oe66 (.text:xdc_runtime_Memory_alloc__F)
                  00899120    000000c0     rts6600_elf.lib : trgdrv.obj (.text:HOSTread)
                  008991e0    000000c0                     : trgdrv.obj (.text:HOSTunlink)
                  008992a0    000000c0                     : trgdrv.obj (.text:HOSTwrite)
                  00899360    000000c0     ti.ipc.namesrv.ae66 : NameServerRemoteRpmsg.oe66 (.text:NameServerRemote_SetNameServerPort)
                  00899420    000000c0     rts6600_elf.lib : dtor_list.obj (.text:_Z11__TI_atexitPFYvPvES_S_)
                  008994e0    000000c0                     : dtor_list.obj (.text:__cxa_finalize)
                  008995a0    000000c0                     : divu.obj (.text:__divu)
                  00899660    000000c0                     : remi.obj (.text:__remi)
                  00899720    000000c0                     : fflush.obj (.text:_doflush)
                  008997e0    000000c0     edma3_lld_rm.ae66 : edma3resmgr.oe66 (.text:edma3MemCpy)
                  008998a0    000000c0     rts6600_elf.lib : exit.obj (.text:exit)
                  00899960    000000c0     dsp_main_pe66.oe66 (.text:ti_ipc_family_tci6638_VirtQueue_Object__create__S)
                  00899a20    000000c0     dsp_main_pe66.oe66 (.text:ti_ipc_transports_TransportRpmsg_Object__create__S)
                  00899ae0    000000c0     sysbios.ae66 : BIOS.obj (.text:ti_sysbios_BIOS_errorRaiseHook__I)
                  00899ba0    000000c0                  : BIOS.obj (.text:ti_sysbios_gates_GateAll_leave__E)
                  00899c60    000000c0     dsp_main_pe66.oe66 (.text:ti_sysbios_heaps_HeapBuf_Object__create__S)
                  00899d20    000000c0     sysbios.ae66 : BIOS.obj (.text:ti_sysbios_heaps_HeapMem_getStats__E)
                  00899de0    000000c0                  : BIOS.obj (.text:ti_sysbios_knl_Clock_logTick__E)
                  00899ea0    000000c0     dsp_main_pe66.oe66 (.text:ti_sysbios_knl_Swi_Object__create__S)
                  00899f60    000000c0     sysbios.ae66 : BIOS.obj (.text:ti_sysbios_knl_Swi_schedule__I)
                  0089a020    000000c0     dsp_main_pe66.oe66 (.text:ti_sysbios_knl_Task_Object__create__S)
                  0089a0e0    000000c0     sysbios.ae66 : BIOS.obj (.text:ti_sysbios_knl_Task_allBlockedFunction__I)
                  0089a1a0    000000c0                  : BIOS.obj (.text:ti_sysbios_timers_timer64_Timer_stop__E)
                  0089a260    000000c0     ti.targets.rts6000.ae66 : LoggerSys.oe66 (.text:xdc_runtime_LoggerSys_write8__F)
                  0089a320    000000c0                             : System.oe66 (.text:xdc_runtime_System_formatNum__I)
                  0089a3e0    000000c0     dsp_main_pe66.oe66 (.text:xdc_runtime_knl_GateThread_Object__create__S)
                  0089a4a0    000000a0     rts6600_elf.lib : trgdrv.obj (.text:HOSTclose)
                  0089a540    000000a0                     : remu.obj (.text:__remu)
                  0089a5e0    000000a0                     : fopen.obj (.text:_cleanup)
                  0089a680    000000a0                     : _printfi.obj (.text:_ecpy)
                  0089a720    000000a0                     : _printfi.obj (.text:_fcpy)
                  0089a7c0    000000a0                     : _printfi.obj (.text:_pconv_f)
                  0089a860    000000a0     sysbios.ae66 : c64p_Hwi_asm.obj (.text:_ti_sysbios_family_c64p_Hwi_plug__E)
                  0089a900    000000a0     rts6600_elf.lib : lowlev.obj (.text:finddevice)
                  0089a9a0    000000a0                     : lowlev.obj (.text:lseek)
                  0089aa40    000000a0                     : memcpy64.obj (.text:memcpy)
                  0089aae0    000000a0     ti.ipc.remoteproc.ae66 : Resource.oe66 (.text:ti_ipc_remoteproc_Resource_getTraceBufPtr__E)
                  0089ab80    000000a0     sysbios.ae66 : BIOS.obj (.text:ti_sysbios_family_c64p_Exception_Module_startup__F)
                  0089ac20    000000a0                  : BIOS.obj (.text:ti_sysbios_family_c66_tci66xx_CpIntc_mapSysIntToHostInt__F)
                  0089acc0    000000a0                  : BIOS.obj (.text:ti_sysbios_heaps_HeapMem_init__I)
                  0089ad60    000000a0                  : BIOS.obj (.text:ti_sysbios_knl_Idle_run__E)
                  0089ae00    000000a0                  : BIOS.obj (.text:ti_sysbios_knl_Task_deleteTerminatedTasksFunc__I)
                  0089aea0    000000a0     rts6600_elf.lib : lowlev.obj (.text:write)
                  0089af40    000000a0     ti.targets.rts6000.ae66 : Assert.oe66 (.text:xdc_runtime_Assert_raise__I)
                  0089afe0    000000a0     dsp_main_pe66.oe66 (.text:xdc_runtime_LoggerSys_write8__E)
                  0089b080    000000a0     ti.targets.rts6000.ae66 : Registry.oe66 (.text:xdc_runtime_Registry_addModule__F)
                  0089b120    000000a0                             : Registry.oe66 (.text:xdc_runtime_Registry_findByName__F)
                  0089b1c0    000000a0                             : SysMin.oe66 (.text:xdc_runtime_SysMin_abort__F)
                  0089b260    000000a0                             : SysMin.oe66 (.text:xdc_runtime_SysMin_flush__F)
                  0089b300    000000a0                             : SysMin.oe66 (.text:xdc_runtime_SysMin_putch__F)
                  0089b3a0    000000a0                             : Text.oe66 (.text:xdc_runtime_Text_xprintf__I)
                  0089b440    00000080     rts6600_elf.lib : llshift.obj (.text:__c6xabi_llshl)
                  0089b4c0    00000080     sysbios.ae66 : c62_TaskSupport_asm.obj (.text:_ti_sysbios_family_c62_TaskSupport_swap__E)
                  0089b540    00000080     edma3_lld_rm.ae66 : edma3resmgr.oe66 (.text:edma3MemZero)
                  0089b5c0    00000080                       : edma3resmgr.oe66 (.text:edma3ParamCpy)
                  0089b640    00000080     dsp_main_pe66.oe66 (.text:malloc)
                  0089b6c0    00000080     rts6600_elf.lib : trgmsg.obj (.text:readmsg)
                  0089b740    00000080     ti.ipc.rpmsg_tci6638.ae66 : NameMap.oe66 (.text:sendMessage)
                  0089b7c0    00000080     rts6600_elf.lib : strncpy.obj (.text:strncpy)
                  0089b840    00000080     dsp_main_pe66.oe66 (.text:ti_ipc_namesrv_NameServerRemoteRpmsg_Object__create__S)
                  0089b8c0    00000080     dsp_main_pe66.oe66 (.text:ti_sdo_utils_List_Object__create__S)
                  0089b940    00000080     sysbios.ae66 : BIOS.obj (.text:ti_sysbios_family_c62_TaskSupport_start__E)
                  0089b9c0    00000080                  : BIOS.obj (.text:ti_sysbios_family_c64p_Hwi_dispatchC__I)
                  0089ba40    00000080                  : BIOS.obj (.text:ti_sysbios_family_c64p_Hwi_getStackInfo__E)
                  0089bac0    00000080                  : BIOS.obj (.text:ti_sysbios_family_c66_Cache_invL1pAll__E)
                  0089bb40    00000080                  : BIOS.obj (.text:ti_sysbios_family_c66_tci66xx_CpIntc_getEventId__F)
                  0089bbc0    00000080     dsp_main_pe66.oe66 (.text:ti_sysbios_gates_GateAll_Object__create__S)
                  0089bc40    00000080     dsp_main_pe66.oe66 (.text:ti_sysbios_gates_GateHwi_Object__create__S)
                  0089bcc0    00000080     dsp_main_pe66.oe66 (.text:ti_sysbios_gates_GateMutexPri_Object__create__S)
                  0089bd40    00000080     dsp_main_pe66.oe66 (.text:ti_sysbios_gates_GateMutex_Object__create__S)
                  0089bdc0    00000080     dsp_main_pe66.oe66 (.text:ti_sysbios_gates_GateSwi_Object__create__S)
                  0089be40    00000080     sysbios.ae66 : BIOS.obj (.text:ti_sysbios_gates_GateSwi_leave__E)
                  0089bec0    00000080                  : BIOS.obj (.text:ti_sysbios_hal_Hwi_checkStack:ti_sysbios_hal_Hwi_checkStack)
                  0089bf40    00000080                  : BIOS.obj (.text:ti_sysbios_hal_Hwi_initStack:ti_sysbios_hal_Hwi_initStack)
                  0089bfc0    00000080     dsp_main_pe66.oe66 (.text:ti_sysbios_heaps_HeapMem_Object__create__S)
                  0089c040    00000080     dsp_main_pe66.oe66 (.text:ti_sysbios_knl_Queue_Object__create__S)
                  0089c0c0    00000080     dsp_main_pe66.oe66 (.text:ti_sysbios_knl_Semaphore_Object__create__S)
                  0089c140    00000080     sysbios.ae66 : BIOS.obj (.text:ti_sysbios_knl_Semaphore_pendTimeout__I)
                  0089c1c0    00000080                  : BIOS.obj (.text:ti_sysbios_knl_Swi_startup__E)
                  0089c240    00000080                  : BIOS.obj (.text:ti_sysbios_knl_Task_restore__E)
                  0089c2c0    00000080                  : BIOS.obj (.text:ti_sysbios_timers_timer64_Timer_getPeriod__E)
                  0089c340    00000080     dsp_main_pe66.oe66 (.text:ti_sysbios_xdcruntime_GateThreadSupport_Object__create__S)
                  0089c3c0    00000080     rts6600_elf.lib : lowlev.obj (.text:unlink)
                  0089c440    00000080     ti.ipc.family.tci6638.ae66 : VirtQueue.oe66 (.text:vring_init)
                  0089c4c0    00000080     ti.targets.rts6000.ae66 : Core-label.oe66 (.text:xdc_runtime_Core_assignLabel__I)
                  0089c540    00000080                             : Core-params.oe66 (.text:xdc_runtime_Core_assignParams__I)
                  0089c5c0    00000080     dsp_main_pe66.oe66 (.text:xdc_runtime_LoggerSys_Object__create__S)
                  0089c640    00000080     ti.targets.rts6000.ae66 : System.oe66 (.text:xdc_runtime_System_atexit__F)
                  0089c6c0    00000080                             : System.oe66 (.text:xdc_runtime_System_putchar__I)
                  0089c740    00000080                             : System.oe66 (.text:xdc_runtime_System_rtsExit__I)
                  0089c7c0    00000080                             : Text.oe66 (.text:xdc_runtime_Text_printVisFxn__I)
                  0089c840    00000060     rts6600_elf.lib : assert.obj (.text:__c6xabi_abort_msg)
                  0089c8a0    00000060                     : frcmpyd_div.obj (.text:__c6xabi_frcmpyd_div)
                  0089c900    00000060                     : llshift.obj (.text:__c6xabi_llshru)
                  0089c960    00000060                     : imath64.obj (.text:_subcull)
                  0089c9c0    00000060     sysbios.ae66 : c64p_Hwi_asm_switch.obj (.text:_ti_sysbios_family_c64p_Hwi_switchAndDispatch__I)
                  0089ca20    00000060                  : c64p_Hwi_asm_switch.obj (.text:_ti_sysbios_family_xxx_Hwi_switchAndRunFunc)
                  0089ca80    00000060     rts6600_elf.lib : memccpy.obj (.text:memccpy)
                  0089cae0    00000060     ti.ipc.family.tci6638.ae66 : Interrupt.oe66 (.text:ti_ipc_family_tci6638_Interrupt_intClearAll__F)
                  0089cb40    00000060                                : VirtQueue.oe66 (.text:ti_ipc_family_tci6638_VirtQueue_init__I)
                  0089cba0    00000060     dsp_main_pe66.oe66 (.text:ti_sdo_ipc_MessageQ_Object__get__S)
                  0089cc00    00000060     ipc.ae66 : Ipc.obj (.text:ti_sdo_ipc_family_tci663x_Interrupt_Module_startup__F)
                  0089cc60    00000060     dsp_main_pe66.oe66 (.text:ti_sdo_utils_List_Object__get__S)
                  0089ccc0    00000060     dsp_main_pe66.oe66 (.text:ti_sdo_utils_NameServer_Object__get__S)
                  0089cd20    00000060     dsp_main_pe66.oe66 (.text:ti_sysbios_BIOS_exitFunc__I)
                  0089cd80    00000060     sysbios.ae66 : BIOS.obj (.text:ti_sysbios_BIOS_registerRTSLock__I)
                  0089cde0    00000060                  : BIOS.obj (.text:ti_sysbios_family_c64p_EventCombiner_Module_startup__F)
                  0089ce40    00000060                  : BIOS.obj (.text:ti_sysbios_family_c64p_EventCombiner_dispatchPlug__F)
                  0089cea0    00000060                  : BIOS.obj (.text:ti_sysbios_gates_GateAll_enter__E)
                  0089cf00    00000060                  : BIOS.obj (.text:ti_sysbios_gates_GateMutex_Instance_init__F)
                  0089cf60    00000060     dsp_main_pe66.oe66 (.text:ti_sysbios_heaps_HeapBuf_Object__get__S)
                  0089cfc0    00000060     dsp_main_pe66.oe66 (.text:ti_sysbios_heaps_HeapMem_Object__get__S)
                  0089d020    00000060     sysbios.ae66 : BIOS.obj (.text:ti_sysbios_knl_Clock_Module_startup__F)
                  0089d080    00000060     dsp_main_pe66.oe66 (.text:ti_sysbios_knl_Clock_doTick__I)
                  0089d0e0    00000060     dsp_main_pe66.oe66 (.text:ti_sysbios_knl_Queue_Object__get__S)
                  0089d140    00000060     sysbios.ae66 : BIOS.obj (.text:ti_sysbios_knl_Swi_Module_startup__F)
                  0089d1a0    00000060     dsp_main_pe66.oe66 (.text:ti_sysbios_knl_Swi_Object__get__S)
                  0089d200    00000060     dsp_main_pe66.oe66 (.text:ti_sysbios_knl_Task_Object__get__S)
                  0089d260    00000060     sysbios.ae66 : BIOS.obj (.text:ti_sysbios_knl_Task_enter__I)
                  0089d2c0    00000060     rts6600_elf.lib : trgmsg.obj (.text:writemsg)
                  0089d320    00000060     dsp_main_pe66.oe66 (.text:xdc_runtime_GateNull_Object__create__S)
                  0089d380    00000060     ti.targets.rts6000.ae66 : LoggerSys.oe66 (.text:xdc_runtime_LoggerSys_write0__F)
                  0089d3e0    00000060                             : LoggerSys.oe66 (.text:xdc_runtime_LoggerSys_write1__F)
                  0089d440    00000060                             : Memory.oe66 (.text:xdc_runtime_Memory_calloc__F)
                  0089d4a0    00000060                             : SysMin.oe66 (.text:xdc_runtime_SysMin_Module_startup__F)
                  0089d500    00000060                             : SysMin.oe66 (.text:xdc_runtime_SysMin_exit__F)
                  0089d560    00000060     dsp_main_pe66.oe66 (.text:xdc_runtime_SysMin_output__I)
                  0089d5c0    00000060     ti.targets.rts6000.ae66 : System.oe66 (.text:xdc_runtime_System_avprintf__F)
                  0089d620    00000060                             : System.oe66 (.text:xdc_runtime_System_vprintf__F)
                  0089d680    00000060                             : Text.oe66 (.text:xdc_runtime_Text_cordText__F)
                  0089d6e0    00000040     ti.ipc.rpmsg_tci6638.ae66 : NameMap.oe66 (.text:NameMap_register)
                  0089d720    00000040                               : NameMap.oe66 (.text:NameMap_unregister)
                  0089d760    00000040     rts6600_elf.lib : isinf.obj (.text:__c6xabi_isinf)
                  0089d7a0    00000040                     : _printfi.obj (.text:__c6xabi_isnan)
                  0089d7e0    00000040                     : strasg.obj (.text:__strasgi_64plus)
                  0089d820    00000040                     : args_main.obj (.text:_args_main)
                  0089d860    00000040     sysbios.ae66 : c62_TaskSupport_asm.obj (.text:_ti_sysbios_family_c62_TaskSupport_buildTaskStack)
                  0089d8a0    00000040                  : c64p_Hwi_asm_switch.obj (.text:_ti_sysbios_family_xxx_Hwi_switchToIsrStack)
                  0089d8e0    00000040     dsp_main_pe66.oe66 (.text:free)
                  0089d920    00000040     edma3_lld_rm.ae66 : edma3resmgr.oe66 (.text:lisrEdma3CCErrHandler0)
                  0089d960    00000040                       : edma3resmgr.oe66 (.text:lisrEdma3TC0ErrHandler0)
                  0089d9a0    00000040                       : edma3resmgr.oe66 (.text:lisrEdma3TC1ErrHandler0)
                  0089d9e0    00000040                       : edma3resmgr.oe66 (.text:lisrEdma3TC2ErrHandler0)
                  0089da20    00000040                       : edma3resmgr.oe66 (.text:lisrEdma3TC3ErrHandler0)
                  0089da60    00000040                       : edma3resmgr.oe66 (.text:lisrEdma3TC4ErrHandler0)
                  0089daa0    00000040                       : edma3resmgr.oe66 (.text:lisrEdma3TC5ErrHandler0)
                  0089dae0    00000040                       : edma3resmgr.oe66 (.text:lisrEdma3TC6ErrHandler0)
                  0089db20    00000040                       : edma3resmgr.oe66 (.text:lisrEdma3TC7ErrHandler0)
                  0089db60    00000040     rts6600_elf.lib : strlen.obj (.text:strlen)
                  0089dba0    00000040     dsp_main_pe66.oe66 (.text:ti_ipc_family_tci6638_VirtQueue_Params__init__S)
                  0089dbe0    00000040     ti.ipc.rpmsg_tci6638.ae66 : RPMessage.oe66 (.text:ti_ipc_family_tci6638_VirtQueue_Params_init)
                  0089dc20    00000040                               : RPMessage.oe66 (.text:ti_ipc_family_tci6638_VirtQueue_create)
                  0089dc60    00000040     dsp_main_pe66.oe66 (.text:ti_ipc_family_tci6638_VirtQueue_startup__E)
                  0089dca0    00000040     dsp_main_pe66.oe66 (.text:ti_ipc_namesrv_NameServerRemoteRpmsg_Handle__label__S)
                  0089dce0    00000040     dsp_main_pe66.oe66 (.text:ti_ipc_namesrv_NameServerRemoteRpmsg_Object__delete__S)
                  0089dd20    00000040     dsp_main_pe66.oe66 (.text:ti_ipc_namesrv_NameServerRemoteRpmsg_Object__first__S)
                  0089dd60    00000040     dsp_main_pe66.oe66 (.text:ti_ipc_namesrv_NameServerRemoteRpmsg_Object__next__S)
                  0089dda0    00000040     ti.ipc.namesrv.ae66 : NameServerRemoteRpmsg.oe66 (.text:ti_ipc_namesrv_NameServerRemoteRpmsg_create)
                  0089dde0    00000040     dsp_main_pe66.oe66 (.text:ti_ipc_namesrv_NameServerRemoteRpmsg_get__E)
                  0089de20    00000040     dsp_main_pe66.oe66 (.text:ti_ipc_remoteproc_Resource_init__I)
                  0089de60    00000040     dsp_main_pe66.oe66 (.text:ti_ipc_transports_TransportRpmsg_Handle__label__S)
                  0089dea0    00000040     dsp_main_pe66.oe66 (.text:ti_ipc_transports_TransportRpmsg_Object__delete__S)
                  0089dee0    00000040     dsp_main_pe66.oe66 (.text:ti_ipc_transports_TransportRpmsg_Params__init__S)
                  0089df20    00000040     dsp_main_pe66.oe66 (.text:ti_sdo_ipc_MessageQ_registerTransport__E)
                  0089df60    00000040     dsp_main_pe66.oe66 (.text:ti_sdo_utils_List_Object__destruct__S)
                  0089dfa0    00000040     ti.ipc.rpmsg_tci6638.ae66 : RPMessage.oe66 (.text:ti_sdo_utils_List_create)
                  0089dfe0    00000040     ipc.ae66 : Ipc.obj (.text:ti_sdo_utils_List_put__E)
                  0089e020    00000040     dsp_main_pe66.oe66 (.text:ti_sdo_utils_NameServer_Module__startupDone__F)
                  0089e060    00000040     dsp_main_pe66.oe66 (.text:ti_sdo_utils_NameServer_Object__first__S)
                  0089e0a0    00000040     dsp_main_pe66.oe66 (.text:ti_sdo_utils_NameServer_Object__next__S)
                  0089e0e0    00000040     sysbios.ae66 : BIOS.obj (.text:ti_sysbios_BIOS_rtsLock__I)
                  0089e120    00000040     dsp_main_pe66.oe66 (.text:ti_sysbios_BIOS_startFunc__I)
                  0089e160    00000040     sysbios.ae66 : BIOS.obj (.text:ti_sysbios_family_c64p_EventCombiner_disableEvent__F)
                  0089e1a0    00000040     dsp_main_pe66.oe66 (.text:ti_sysbios_family_c64p_EventCombiner_dispatchPlug__E)
                  0089e1e0    00000040     sysbios.ae66 : BIOS.obj (.text:ti_sysbios_family_c64p_EventCombiner_unused__F)
                  0089e220    00000040     dsp_main_pe66.oe66 (.text:ti_sysbios_family_c64p_Hwi_Module__startupDone__F)
                  0089e260    00000040     dsp_main_pe66.oe66 (.text:ti_sysbios_family_c64p_Hwi_Params__init__S)
                  0089e2a0    00000040     ti.ipc.family.tci6638.ae66 : Interrupt.oe66 (.text:ti_sysbios_family_c64p_Hwi_Params_init)
                  0089e2e0    00000040                                : Interrupt.oe66 (.text:ti_sysbios_family_c64p_Hwi_create)
                  0089e320    00000040     sysbios.ae66 : BIOS.obj (.text:ti_sysbios_family_c64p_Hwi_disableInterrupt__E)
                  0089e360    00000040                  : BIOS.obj (.text:ti_sysbios_family_c64p_Hwi_enableInterrupt__E)
                  0089e3a0    00000040     dsp_main_pe66.oe66 (.text:ti_sysbios_family_c66_tci66xx_CpIntc_dispatchPlug__E)
                  0089e3e0    00000040     sysbios.ae66 : BIOS.obj (.text:ti_sysbios_family_c66_tci66xx_CpIntc_dispatchPlug__F)
                  0089e420    00000040                  : BIOS.obj (.text:ti_sysbios_family_c66_tci66xx_CpIntc_enableAllHostInts__F)
                  0089e460    00000040                  : BIOS.obj (.text:ti_sysbios_family_c66_tci66xx_CpIntc_unused__F)
                  0089e4a0    00000040     dsp_main_pe66.oe66 (.text:ti_sysbios_gates_GateAll_Handle__label__S)
                  0089e4e0    00000040     dsp_main_pe66.oe66 (.text:ti_sysbios_gates_GateAll_Object__delete__S)
                  0089e520    00000040     ti.ipc.family.tci6638.ae66 : VirtQueue.oe66 (.text:ti_sysbios_gates_GateAll_create)
                  0089e560    00000040     dsp_main_pe66.oe66 (.text:ti_sysbios_gates_GateHwi_Handle__label__S)
                  0089e5a0    00000040     dsp_main_pe66.oe66 (.text:ti_sysbios_gates_GateHwi_Object__delete__S)
                  0089e5e0    00000040     dsp_main_pe66.oe66 (.text:ti_sysbios_gates_GateHwi_Params__init__S)
                  0089e620    00000040     ti.ipc.rpmsg_tci6638.ae66 : RPMessage.oe66 (.text:ti_sysbios_gates_GateHwi_Params_init)
                  0089e660    00000040                               : RPMessage.oe66 (.text:ti_sysbios_gates_GateHwi_create)
                  0089e6a0    00000040     dsp_main_pe66.oe66 (.text:ti_sysbios_gates_GateMutexPri_Handle__label__S)
                  0089e6e0    00000040     sysbios.ae66 : BIOS.obj (.text:ti_sysbios_gates_GateMutexPri_Instance_init__F)
                  0089e720    00000040     dsp_main_pe66.oe66 (.text:ti_sysbios_gates_GateMutexPri_Object__delete__S)
                  0089e760    00000040     dsp_main_pe66.oe66 (.text:ti_sysbios_gates_GateMutexPri_Object__destruct__S)
                  0089e7a0    00000040     dsp_main_pe66.oe66 (.text:ti_sysbios_gates_GateMutex_Handle__label__S)
                  0089e7e0    00000040     dsp_main_pe66.oe66 (.text:ti_sysbios_gates_GateMutex_Object__delete__S)
                  0089e820    00000040     sysbios.ae66 : BIOS.obj (.text:ti_sysbios_gates_GateMutex_leave__E)
                  0089e860    00000040     dsp_main_pe66.oe66 (.text:ti_sysbios_gates_GateSwi_Handle__label__S)
                  0089e8a0    00000040     dsp_main_pe66.oe66 (.text:ti_sysbios_gates_GateSwi_Object__delete__S)
                  0089e8e0    00000040     dsp_main_pe66.oe66 (.text:ti_sysbios_hal_Cache_CacheProxy_inv__E)
                  0089e920    00000040     dsp_main_pe66.oe66 (.text:ti_sysbios_hal_Cache_CacheProxy_wb__E)
                  0089e960    00000040     dsp_main_pe66.oe66 (.text:ti_sysbios_hal_Timer_Module__startupDone__F)
                  0089e9a0    00000040     dsp_main_pe66.oe66 (.text:ti_sysbios_heaps_HeapBuf_Handle__label__S)
                  0089e9e0    00000040     dsp_main_pe66.oe66 (.text:ti_sysbios_heaps_HeapBuf_Object__delete__S)
                  0089ea20    00000040     dsp_main_pe66.oe66 (.text:ti_sysbios_heaps_HeapBuf_Params__init__S)
                  0089ea60    00000040     ti.ipc.rpmsg_tci6638.ae66 : RPMessage.oe66 (.text:ti_sysbios_heaps_HeapBuf_Params_init)
                  0089eaa0    00000040                               : RPMessage.oe66 (.text:ti_sysbios_heaps_HeapBuf_create)
                  0089eae0    00000040     sysbios.ae66 : BIOS.obj (.text:ti_sysbios_heaps_HeapBuf_getStats__F)
                  0089eb20    00000040     dsp_main_pe66.oe66 (.text:ti_sysbios_heaps_HeapMem_Handle__label__S)
                  0089eb60    00000040     dsp_main_pe66.oe66 (.text:ti_sysbios_heaps_HeapMem_Object__delete__S)
                  0089eba0    00000040     dsp_main_pe66.oe66 (.text:ti_sysbios_knl_Queue_Object__destruct__S)
                  0089ebe0    00000040     dsp_main_pe66.oe66 (.text:ti_sysbios_knl_Semaphore_Object__delete__S)
                  0089ec20    00000040     dsp_main_pe66.oe66 (.text:ti_sysbios_knl_Semaphore_Object__destruct__S)
                  0089ec60    00000040     dsp_main_pe66.oe66 (.text:ti_sysbios_knl_Semaphore_Params__init__S)
                  0089eca0    00000040     ti.ipc.rpmsg_tci6638.ae66 : RPMessage.oe66 (.text:ti_sysbios_knl_Semaphore_create)
                  0089ece0    00000040     dsp_main_pe66.oe66 (.text:ti_sysbios_knl_Swi_Object__delete__S)
                  0089ed20    00000040     ti.ipc.rpmsg_tci6638.ae66 : RPMessage.oe66 (.text:ti_sysbios_knl_Swi_create)
                  0089ed60    00000040     dsp_main_pe66.oe66 (.text:ti_sysbios_knl_Task_Object__delete__S)
                  0089eda0    00000040     dsp_main_pe66.oe66 (.text:ti_sysbios_knl_Task_Object__first__S)
                  0089ede0    00000040     dsp_main_pe66.oe66 (.text:ti_sysbios_knl_Task_Object__next__S)
                  0089ee20    00000040     dsp_main_pe66.oe66 (.text:ti_sysbios_knl_Task_Params__init__S)
                  0089ee60    00000040     dsp_main_pe66.oe66 (.text:ti_sysbios_timers_timer64_Timer_Module__startupDone__F)
                  0089eea0    00000040     sysbios.ae66 : BIOS.obj (.text:ti_sysbios_xdcruntime_GateThreadSupport_Instance_init__F)
                  0089eee0    00000040     dsp_main_pe66.oe66 (.text:ti_sysbios_xdcruntime_GateThreadSupport_Object__delete__S)
                  0089ef20    00000040     ti.ipc.family.tci6638.ae66 : VirtQueue.oe66 (.text:vring_size)
                  0089ef60    00000040     ti.targets.rts6000.ae66 : Error.oe66 (.text:xdc_runtime_Error_check__F)
                  0089efa0    00000040                             : Error.oe66 (.text:xdc_runtime_Error_init__F)
                  0089efe0    00000040     dsp_main_pe66.oe66 (.text:xdc_runtime_Error_raiseX__E)
                  0089f020    00000040     dsp_main_pe66.oe66 (.text:xdc_runtime_GateNull_Handle__label__S)
                  0089f060    00000040     dsp_main_pe66.oe66 (.text:xdc_runtime_GateNull_Object__delete__S)
                  0089f0a0    00000040     ti.targets.rts6000.ae66 : Gate.oe66 (.text:xdc_runtime_Gate_leaveSystem__F)
                  0089f0e0    00000040     dsp_main_pe66.oe66 (.text:xdc_runtime_IHeap_alloc)
                  0089f120    00000040     dsp_main_pe66.oe66 (.text:xdc_runtime_IHeap_free)
                  0089f160    00000040     dsp_main_pe66.oe66 (.text:xdc_runtime_IHeap_getStats)
                  0089f1a0    00000040     dsp_main_pe66.oe66 (.text:xdc_runtime_LoggerSys_Handle__label__S)
                  0089f1e0    00000040     dsp_main_pe66.oe66 (.text:xdc_runtime_LoggerSys_Object__delete__S)
                  0089f220    00000040     dsp_main_pe66.oe66 (.text:xdc_runtime_LoggerSys_write1__E)
                  0089f260    00000040     dsp_main_pe66.oe66 (.text:xdc_runtime_LoggerSys_write2__E)
                  0089f2a0    00000040     ti.targets.rts6000.ae66 : LoggerSys.oe66 (.text:xdc_runtime_LoggerSys_write2__F)
                  0089f2e0    00000040     dsp_main_pe66.oe66 (.text:xdc_runtime_LoggerSys_write4__E)
                  0089f320    00000040     ti.targets.rts6000.ae66 : LoggerSys.oe66 (.text:xdc_runtime_LoggerSys_write4__F)
                  0089f360    00000040                             : Memory.oe66 (.text:xdc_runtime_Memory_free__F)
                  0089f3a0    00000040                             : Memory.oe66 (.text:xdc_runtime_Memory_getStats__F)
                  0089f3e0    00000040                             : Registry.oe66 (.text:xdc_runtime_Registry_findById__F)
                  0089f420    00000040     dsp_main_pe66.oe66 (.text:xdc_runtime_Startup_exec__I)
                  0089f460    00000040     ti.targets.rts6000.ae66 : System.oe66 (.text:xdc_runtime_System_abort__F)
                  0089f4a0    00000040     dsp_main_pe66.oe66 (.text:xdc_runtime_System_aprintf__E)
                  0089f4e0    00000040     dsp_main_pe66.oe66 (.text:xdc_runtime_System_printf__E)
                  0089f520    00000040     ti.targets.rts6000.ae66 : System.oe66 (.text:xdc_runtime_System_putch__F)
                  0089f560    00000040                             : Text.oe66 (.text:xdc_runtime_Text_ropeText__F)
                  0089f5a0    00000040     dsp_main_pe66.oe66 (.text:xdc_runtime_Text_visitRope__I)
                  0089f5e0    00000040     dsp_main_pe66.oe66 (.text:xdc_runtime_knl_GateThread_Handle__label__S)
                  0089f620    00000040     ti.targets.rts6000.ae66 : GateThread.oe66 (.text:xdc_runtime_knl_GateThread_Instance_finalize__F)
                  0089f660    00000040                             : GateThread.oe66 (.text:xdc_runtime_knl_GateThread_Instance_init__F)
                  0089f6a0    00000040     dsp_main_pe66.oe66 (.text:xdc_runtime_knl_GateThread_Object__delete__S)
                  0089f6e0    00000040     dsp_main_pe66.oe66 (.text:xdc_runtime_knl_GateThread_Proxy_Object__create__S)
                  0089f720    00000020     ipc.ae66 : Ipc.obj (.text:MultiProc_self)
                  0089f740    00000020              : Ipc.obj (.text:NameServer_getLocalUInt32)
                  0089f760    00000020     rts6600_elf.lib : negll.obj (.text:__c6xabi_negll)
                  0089f780    00000020                     : dtor_list.obj (.text:__cxa_atexit)
                  0089f7a0    00000020                     : dtor_list.obj (.text:__cxa_ia64_exit)
                  0089f7c0    00000020     ti.targets.rts6000.ae66 : xdc_noinit.oe66 (.text:__xdc__init)
                  0089f7e0    00000020     rts6600_elf.lib : _lock.obj (.text:_nop)
                  0089f800    00000020                     : fprintf.obj (.text:_outc)
                  0089f820    00000020                     : printf.obj (.text:_outc)
                  0089f840    00000020                     : fprintf.obj (.text:_outs)
                  0089f860    00000020                     : printf.obj (.text:_outs)
                  0089f880    00000020                     : _lock.obj (.text:_register_lock)
                  0089f8a0    00000020                     : _lock.obj (.text:_register_unlock)
                  0089f8c0    00000020     sysbios.ae66 : c62_TaskSupport_asm.obj (.text:_ti_sysbios_family_c62_TaskSupport_glue)
                  0089f8e0    00000020                  : c64p_Hwi_asm_switch.obj (.text:_ti_sysbios_family_xxx_Hwi_switchToTaskStack)
                  0089f900    00000020     rts6600_elf.lib : exit.obj (.text:abort)
                  0089f920    00000020                     : dtor_list.obj (.text:atexit)
                  0089f940    00000020     ti.csl.ae66 : csl_tsc.oe66 (.text:cslsys_section:tsc)
                  0089f960    00000020     rts6600_elf.lib : copy_decompress_none.obj (.text:decompress:none:__TI_decompress_none)
                  0089f980    00000020                     : copy_decompress_rle.obj (.text:decompress:rle24:__TI_decompress_rle24)
                  0089f9a0    00000020     ti.ipc.family.tci6638.ae66 : VirtQueue.oe66 (.text:mapPAtoVA)
                  0089f9c0    00000020     dsp_main_pe66.oe66 (.text:ti_ipc_family_tci6638_Interrupt_Module_startup__E)
                  0089f9e0    00000020     dsp_main_pe66.oe66 (.text:ti_ipc_family_tci6638_Interrupt_checkAndClear__E)
                  0089fa00    00000020     ti.ipc.namesrv.ae66 : NameServerRemoteRpmsg.oe66 (.text:ti_ipc_namesrv_NameServerRemoteRpmsg_Handle_upCast)
                  0089fa20    00000020                         : NameServerRemoteRpmsg.oe66 (.text:ti_ipc_namesrv_NameServerRemoteRpmsg_Instance_finalize__F)
                  0089fa40    00000020                         : NameServerRemoteRpmsg.oe66 (.text:ti_ipc_namesrv_NameServerRemoteRpmsg_Object_first)
                  0089fa60    00000020                         : NameServerRemoteRpmsg.oe66 (.text:ti_ipc_namesrv_NameServerRemoteRpmsg_Object_next)
                  0089fa80    00000020                         : NameServerRemoteRpmsg.oe66 (.text:ti_ipc_namesrv_NameServerRemoteRpmsg_delete)
                  0089faa0    00000020                         : NameServerRemoteRpmsg.oe66 (.text:ti_ipc_namesrv_NameServerRemoteRpmsg_sharedMemReq__E)
                  0089fac0    00000020     dsp_main_pe66.oe66 (.text:ti_ipc_remoteproc_Resource_Module_startup__E)
                  0089fae0    00000020     ti.ipc.remoteproc.ae66 : Resource.oe66 (.text:ti_ipc_remoteproc_Resource_Module_startup__F)
                  0089fb00    00000020     ti.ipc.transports.ae66 : TransportRpmsg.oe66 (.text:ti_ipc_transports_TransportRpmsg_control__E)
                  0089fb20    00000020                            : TransportRpmsg.oe66 (.text:ti_ipc_transports_TransportRpmsg_getStatus__E)
                  0089fb40    00000020     dsp_main_pe66.oe66 (.text:ti_ipc_transports_TransportRpmsg_setErrFxn__E)
                  0089fb60    00000020     ti.ipc.transports.ae66 : TransportRpmsg.oe66 (.text:ti_ipc_transports_TransportRpmsg_setErrFxn__F)
                  0089fb80    00000020     dsp_main_pe66.oe66 (.text:ti_sdo_ipc_MessageQ_Module_startup__E)
                  0089fba0    00000020     dsp_main_pe66.oe66 (.text:ti_sdo_ipc_MessageQ_unregisterTransport__E)
                  0089fbc0    00000020     dsp_main_pe66.oe66 (.text:ti_sdo_ipc_Notify_Module_startup__E)
                  0089fbe0    00000020     dsp_main_pe66.oe66 (.text:ti_sdo_ipc_family_tci663x_Interrupt_Module_startup__E)
                  0089fc00    00000020     dsp_main_pe66.oe66 (.text:ti_sdo_ipc_gates_GateHWSem_Module_startup__E)
                  0089fc20    00000020     ipc.ae66 : Ipc.obj (.text:ti_sdo_utils_List_Instance_init__F)
                  0089fc40    00000020     dsp_main_pe66.oe66 (.text:ti_sdo_utils_MultiProc_getClusterId__E)
                  0089fc60    00000020     ipc.ae66 : Ipc.obj (.text:ti_sdo_utils_MultiProc_getClusterId__F)
                  0089fc80    00000020     dsp_main_pe66.oe66 (.text:ti_sdo_utils_NameServer_Module__startupDone__S)
                  0089fca0    00000020     dsp_main_pe66.oe66 (.text:ti_sdo_utils_NameServer_Module_startup__E)
                  0089fcc0    00000020     dsp_main_pe66.oe66 (.text:ti_sysbios_BIOS_RtsGateProxy_enter__E)
                  0089fce0    00000020     dsp_main_pe66.oe66 (.text:ti_sysbios_BIOS_RtsGateProxy_leave__E)
                  0089fd00    00000020     sysbios.ae66 : BIOS.obj (.text:ti_sysbios_BIOS_nullFunc__I)
                  0089fd20    00000020                  : BIOS.obj (.text:ti_sysbios_BIOS_setThreadType__E)
                  0089fd40    00000020                  : BIOS.obj (.text:ti_sysbios_BIOS_start__E)
                  0089fd60    00000020     dsp_main_pe66.oe66 (.text:ti_sysbios_family_c62_TaskSupport_Module__startupDone__S)
                  0089fd80    00000020     sysbios.ae66 : BIOS.obj (.text:ti_sysbios_family_c62_TaskSupport_checkStack__E)
                  0089fda0    00000020                  : BIOS.obj (.text:ti_sysbios_family_c62_TaskSupport_getStackAlignment__E)
                  0089fdc0    00000020     dsp_main_pe66.oe66 (.text:ti_sysbios_family_c64p_EventCombiner_Module_startup__E)
                  0089fde0    00000020     dsp_main_pe66.oe66 (.text:ti_sysbios_family_c64p_EventCombiner_disableEvent__E)
                  0089fe00    00000020     dsp_main_pe66.oe66 (.text:ti_sysbios_family_c64p_EventCombiner_dispatch__E)
                  0089fe20    00000020     dsp_main_pe66.oe66 (.text:ti_sysbios_family_c64p_EventCombiner_unused__E)
                  0089fe40    00000020     dsp_main_pe66.oe66 (.text:ti_sysbios_family_c64p_Exception_Module_startup__E)
                  0089fe60    00000020     dsp_main_pe66.oe66 (.text:ti_sysbios_family_c64p_Hwi_Module__startupDone__S)
                  0089fe80    00000020     dsp_main_pe66.oe66 (.text:ti_sysbios_family_c64p_Hwi_Module_startup__E)
                  0089fea0    00000020     sysbios.ae66 : BIOS.obj (.text:ti_sysbios_family_c64p_Hwi_clearInterrupt__E)
                  0089fec0    00000020                  : BIOS.obj (.text:ti_sysbios_family_c64p_Hwi_startup__E)
                  0089fee0    00000020                  : BIOS.obj (.text:ti_sysbios_family_c64p_Hwi_switchFromBootStack__E)
                  0089ff00    00000020                  : BIOS.obj (.text:ti_sysbios_family_c64p_Hwi_unPluggedInterrupt__I)
                  0089ff20    00000020     dsp_main_pe66.oe66 (.text:ti_sysbios_family_c64p_TimestampProvider_Module_startup__E)
                  0089ff40    00000020     sysbios.ae66 : BIOS.obj (.text:ti_sysbios_family_c64p_TimestampProvider_Module_startup__F)
                  0089ff60    00000020                  : BIOS.obj (.text:ti_sysbios_family_c64p_TimestampProvider_get64__E)
                  0089ff80    00000020                  : BIOS.obj (.text:ti_sysbios_family_c64p_tci6488_TimerSupport_enable__E)
                  0089ffa0    00000020     dsp_main_pe66.oe66 (.text:ti_sysbios_family_c66_Cache_Module_startup__E)
                  0089ffc0    00000020     sysbios.ae66 : BIOS.obj (.text:ti_sysbios_family_c66_Cache_getMar__E)
                  0089ffe0    00000020                  : BIOS.obj (.text:ti_sysbios_family_c66_Cache_inv__E)
                  008a0000    00000020                  : BIOS.obj (.text:ti_sysbios_family_c66_Cache_wbInv__E)
                  008a0020    00000020                  : BIOS.obj (.text:ti_sysbios_family_c66_Cache_wb__E)
                  008a0040    00000020     dsp_main_pe66.oe66 (.text:ti_sysbios_family_c66_tci66xx_CpIntc_Module_startup__E)
                  008a0060    00000020     dsp_main_pe66.oe66 (.text:ti_sysbios_family_c66_tci66xx_CpIntc_disableHostInt__E)
                  008a0080    00000020     sysbios.ae66 : BIOS.obj (.text:ti_sysbios_family_c66_tci66xx_CpIntc_disableHostInt__F)
                  008a00a0    00000020     dsp_main_pe66.oe66 (.text:ti_sysbios_family_c66_tci66xx_CpIntc_disableSysInt__E)
                  008a00c0    00000020     sysbios.ae66 : BIOS.obj (.text:ti_sysbios_family_c66_tci66xx_CpIntc_disableSysInt__F)
                  008a00e0    00000020     dsp_main_pe66.oe66 (.text:ti_sysbios_family_c66_tci66xx_CpIntc_dispatch__E)
                  008a0100    00000020     dsp_main_pe66.oe66 (.text:ti_sysbios_family_c66_tci66xx_CpIntc_enableAllHostInts__E)
                  008a0120    00000020     dsp_main_pe66.oe66 (.text:ti_sysbios_family_c66_tci66xx_CpIntc_enableHostInt__E)
                  008a0140    00000020     sysbios.ae66 : BIOS.obj (.text:ti_sysbios_family_c66_tci66xx_CpIntc_enableHostInt__F)
                  008a0160    00000020     dsp_main_pe66.oe66 (.text:ti_sysbios_family_c66_tci66xx_CpIntc_enableSysInt__E)
                  008a0180    00000020     sysbios.ae66 : BIOS.obj (.text:ti_sysbios_family_c66_tci66xx_CpIntc_enableSysInt__F)
                  008a01a0    00000020     dsp_main_pe66.oe66 (.text:ti_sysbios_family_c66_tci66xx_CpIntc_getEventId__E)
                  008a01c0    00000020     dsp_main_pe66.oe66 (.text:ti_sysbios_family_c66_tci66xx_CpIntc_mapSysIntToHostInt__E)
                  008a01e0    00000020     dsp_main_pe66.oe66 (.text:ti_sysbios_family_c66_tci66xx_CpIntc_unused__E)
                  008a0200    00000020     sysbios.ae66 : BIOS.obj (.text:ti_sysbios_gates_GateAll_Instance_init__F)
                  008a0220    00000020     ti.ipc.family.tci6638.ae66 : VirtQueue.oe66 (.text:ti_sysbios_gates_GateAll_delete)
                  008a0240    00000020     dsp_main_pe66.oe66 (.text:ti_sysbios_gates_GateAll_query__E)
                  008a0260    00000020     sysbios.ae66 : BIOS.obj (.text:ti_sysbios_gates_GateAll_query__F)
                  008a0280    00000020                  : BIOS.obj (.text:ti_sysbios_gates_GateHwi_Instance_init__F)
                  008a02a0    00000020     ti.ipc.rpmsg_tci6638.ae66 : RPMessage.oe66 (.text:ti_sysbios_gates_GateHwi_delete)
                  008a02c0    00000020     sysbios.ae66 : BIOS.obj (.text:ti_sysbios_gates_GateHwi_enter__E)
                  008a02e0    00000020                  : BIOS.obj (.text:ti_sysbios_gates_GateHwi_leave__E)
                  008a0300    00000020     dsp_main_pe66.oe66 (.text:ti_sysbios_gates_GateHwi_query__E)
                  008a0320    00000020     sysbios.ae66 : BIOS.obj (.text:ti_sysbios_gates_GateHwi_query__F)
                  008a0340    00000020                  : BIOS.obj (.text:ti_sysbios_gates_GateMutexPri_Instance_finalize__F)
                  008a0360    00000020     dsp_main_pe66.oe66 (.text:ti_sysbios_gates_GateMutexPri_query__E)
                  008a0380    00000020     sysbios.ae66 : BIOS.obj (.text:ti_sysbios_gates_GateMutexPri_query__F)
                  008a03a0    00000020                  : BIOS.obj (.text:ti_sysbios_gates_GateMutex_Instance_finalize__F)
                  008a03c0    00000020     dsp_main_pe66.oe66 (.text:ti_sysbios_gates_GateMutex_query__E)
                  008a03e0    00000020     sysbios.ae66 : BIOS.obj (.text:ti_sysbios_gates_GateMutex_query__F)
                  008a0400    00000020                  : BIOS.obj (.text:ti_sysbios_gates_GateSwi_Instance_init__F)
                  008a0420    00000020     dsp_main_pe66.oe66 (.text:ti_sysbios_gates_GateSwi_query__E)
                  008a0440    00000020     sysbios.ae66 : BIOS.obj (.text:ti_sysbios_gates_GateSwi_query__F)
                  008a0460    00000020     dsp_main_pe66.oe66 (.text:ti_sysbios_hal_Hwi_HwiProxy_Module__startupDone__S)
                  008a0480    00000020     dsp_main_pe66.oe66 (.text:ti_sysbios_hal_Hwi_HwiProxy_clearInterrupt__E)
                  008a04a0    00000020     dsp_main_pe66.oe66 (.text:ti_sysbios_hal_Hwi_HwiProxy_disableInterrupt__E)
                  008a04c0    00000020     dsp_main_pe66.oe66 (.text:ti_sysbios_hal_Hwi_HwiProxy_enableInterrupt__E)
                  008a04e0    00000020     dsp_main_pe66.oe66 (.text:ti_sysbios_hal_Hwi_HwiProxy_getStackInfo__E)
                  008a0500    00000020     dsp_main_pe66.oe66 (.text:ti_sysbios_hal_Hwi_HwiProxy_startup__E)
                  008a0520    00000020     dsp_main_pe66.oe66 (.text:ti_sysbios_hal_Hwi_HwiProxy_switchFromBootStack__E)
                  008a0540    00000020     dsp_main_pe66.oe66 (.text:ti_sysbios_hal_Hwi_Module_startup__E)
                  008a0560    00000020     sysbios.ae66 : BIOS.obj (.text:ti_sysbios_hal_Hwi_Module_startup__F)
                  008a0580    00000020     dsp_main_pe66.oe66 (.text:ti_sysbios_hal_Timer_Module__startupDone__S)
                  008a05a0    00000020     dsp_main_pe66.oe66 (.text:ti_sysbios_hal_Timer_Module_startup__E)
                  008a05c0    00000020     sysbios.ae66 : BIOS.obj (.text:ti_sysbios_hal_Timer_Module_startup__F)
                  008a05e0    00000020     dsp_main_pe66.oe66 (.text:ti_sysbios_hal_Timer_TimerProxy_Module__startupDone__S)
                  008a0600    00000020     dsp_main_pe66.oe66 (.text:ti_sysbios_hal_Timer_TimerProxy_getPeriod__E)
                  008a0620    00000020     dsp_main_pe66.oe66 (.text:ti_sysbios_hal_Timer_TimerProxy_startup__E)
                  008a0640    00000020     sysbios.ae66 : BIOS.obj (.text:ti_sysbios_heaps_HeapBuf_Instance_finalize__F)
                  008a0660    00000020     dsp_main_pe66.oe66 (.text:ti_sysbios_heaps_HeapBuf_Module_startup__E)
                  008a0680    00000020     ti.ipc.rpmsg_tci6638.ae66 : RPMessage.oe66 (.text:ti_sysbios_heaps_HeapBuf_delete)
                  008a06a0    00000020     dsp_main_pe66.oe66 (.text:ti_sysbios_heaps_HeapBuf_free__E)
                  008a06c0    00000020     dsp_main_pe66.oe66 (.text:ti_sysbios_heaps_HeapBuf_getStats__E)
                  008a06e0    00000020     sysbios.ae66 : BIOS.obj (.text:ti_sysbios_heaps_HeapBuf_isBlocking__E)
                  008a0700    00000020     dsp_main_pe66.oe66 (.text:ti_sysbios_heaps_HeapMem_Module_GateProxy_enter__E)
                  008a0720    00000020     dsp_main_pe66.oe66 (.text:ti_sysbios_heaps_HeapMem_Module_GateProxy_leave__E)
                  008a0740    00000020     dsp_main_pe66.oe66 (.text:ti_sysbios_heaps_HeapMem_Module_GateProxy_query__E)
                  008a0760    00000020     sysbios.ae66 : BIOS.obj (.text:ti_sysbios_heaps_HeapMem_isBlocking__E)
                  008a0780    00000020     dsp_main_pe66.oe66 (.text:ti_sysbios_knl_Clock_Module_State_clockQ)
                  008a07a0    00000020     dsp_main_pe66.oe66 (.text:ti_sysbios_knl_Clock_Module_startup__E)
                  008a07c0    00000020     sysbios.ae66 : BIOS.obj (.text:ti_sysbios_knl_Clock_getTicks__E)
                  008a07e0    00000020                  : BIOS.obj (.text:ti_sysbios_knl_Idle_loop__E)
                  008a0800    00000020                  : BIOS.obj (.text:ti_sysbios_knl_Queue_Instance_init__F)
                  008a0820    00000020                  : BIOS.obj (.text:ti_sysbios_knl_Queue_empty__E)
                  008a0840    00000020                  : BIOS.obj (.text:ti_sysbios_knl_Semaphore_Instance_finalize__F)
                  008a0860    00000020     dsp_main_pe66.oe66 (.text:ti_sysbios_knl_Swi_Module_startup__E)
                  008a0880    00000020     ti.ipc.rpmsg_tci6638.ae66 : RPMessage.oe66 (.text:ti_sysbios_knl_Swi_delete)
                  008a08a0    00000020     sysbios.ae66 : BIOS.obj (.text:ti_sysbios_knl_Swi_disable__E)
                  008a08c0    00000020     dsp_main_pe66.oe66 (.text:ti_sysbios_knl_Task_Module_startup__E)
                  008a08e0    00000020     dsp_main_pe66.oe66 (.text:ti_sysbios_knl_Task_SupportProxy_Module__startupDone__S)
                  008a0900    00000020     dsp_main_pe66.oe66 (.text:ti_sysbios_knl_Task_SupportProxy_checkStack__E)
                  008a0920    00000020     dsp_main_pe66.oe66 (.text:ti_sysbios_knl_Task_SupportProxy_getStackAlignment__E)
                  008a0940    00000020     dsp_main_pe66.oe66 (.text:ti_sysbios_knl_Task_SupportProxy_start__E)
                  008a0960    00000020     dsp_main_pe66.oe66 (.text:ti_sysbios_knl_Task_SupportProxy_swap__E)
                  008a0980    00000020     sysbios.ae66 : BIOS.obj (.text:ti_sysbios_knl_Task_disable__E)
                  008a09a0    00000020                  : BIOS.obj (.text:ti_sysbios_knl_Task_enable__E)
                  008a09c0    00000020                  : BIOS.obj (.text:ti_sysbios_knl_Task_startup__E)
                  008a09e0    00000020     dsp_main_pe66.oe66 (.text:ti_sysbios_timers_timer64_Timer_Module__startupDone__S)
                  008a0a00    00000020     dsp_main_pe66.oe66 (.text:ti_sysbios_timers_timer64_Timer_Module_startup__E)
                  008a0a20    00000020     dsp_main_pe66.oe66 (.text:ti_sysbios_timers_timer64_Timer_TimerSupportProxy_enable__E)
                  008a0a40    00000020     sysbios.ae66 : BIOS.obj (.text:ti_sysbios_xdcruntime_GateThreadSupport_Instance_finalize__F)
                  008a0a60    00000020     dsp_main_pe66.oe66 (.text:ti_sysbios_xdcruntime_GateThreadSupport_enter__E)
                  008a0a80    00000020     sysbios.ae66 : BIOS.obj (.text:ti_sysbios_xdcruntime_GateThreadSupport_enter__F)
                  008a0aa0    00000020     dsp_main_pe66.oe66 (.text:ti_sysbios_xdcruntime_GateThreadSupport_leave__E)
                  008a0ac0    00000020     dsp_main_pe66.oe66 (.text:ti_sysbios_xdcruntime_GateThreadSupport_query__E)
                  008a0ae0    00000020     dsp_main_pe66.oe66 (.text:xdc_iargToPtr)
                  008a0b00    00000020     dsp_main_pe66.oe66 (.text:xdc_runtime_Error_check__E)
                  008a0b20    00000020     dsp_main_pe66.oe66 (.text:xdc_runtime_Error_init__E)
                  008a0b40    00000020     dsp_main_pe66.oe66 (.text:xdc_runtime_Error_print__E)
                  008a0b60    00000020     dsp_main_pe66.oe66 (.text:xdc_runtime_GateNull_enter__E)
                  008a0b80    00000020     ti.targets.rts6000.ae66 : GateNull.oe66 (.text:xdc_runtime_GateNull_enter__F)
                  008a0ba0    00000020     dsp_main_pe66.oe66 (.text:xdc_runtime_GateNull_leave__E)
                  008a0bc0    00000020     ti.targets.rts6000.ae66 : GateNull.oe66 (.text:xdc_runtime_GateNull_leave__F)
                  008a0be0    00000020     dsp_main_pe66.oe66 (.text:xdc_runtime_GateNull_query__E)
                  008a0c00    00000020     ti.targets.rts6000.ae66 : GateNull.oe66 (.text:xdc_runtime_GateNull_query__F)
                  008a0c20    00000020     dsp_main_pe66.oe66 (.text:xdc_runtime_Gate_enterSystem__E)
                  008a0c40    00000020     ti.targets.rts6000.ae66 : Gate.oe66 (.text:xdc_runtime_Gate_enterSystem__F)
                  008a0c60    00000020     dsp_main_pe66.oe66 (.text:xdc_runtime_Gate_leaveSystem__E)
                  008a0c80    00000020     dsp_main_pe66.oe66 (.text:xdc_runtime_Log_doPrint__E)
                  008a0ca0    00000020     ti.targets.rts6000.ae66 : LoggerSys.oe66 (.text:xdc_runtime_LoggerSys_Instance_init__F)
                  008a0cc0    00000020     dsp_main_pe66.oe66 (.text:xdc_runtime_LoggerSys_TimestampProxy_get64__E)
                  008a0ce0    00000020     dsp_main_pe66.oe66 (.text:xdc_runtime_LoggerSys_disable__E)
                  008a0d00    00000020     ti.targets.rts6000.ae66 : LoggerSys.oe66 (.text:xdc_runtime_LoggerSys_disable__F)
                  008a0d20    00000020     dsp_main_pe66.oe66 (.text:xdc_runtime_LoggerSys_enable__E)
                  008a0d40    00000020     ti.targets.rts6000.ae66 : LoggerSys.oe66 (.text:xdc_runtime_LoggerSys_enable__F)
                  008a0d60    00000020     dsp_main_pe66.oe66 (.text:xdc_runtime_LoggerSys_write0__E)
                  008a0d80    00000020     dsp_main_pe66.oe66 (.text:xdc_runtime_Memory_HeapProxy_alloc__E)
                  008a0da0    00000020     dsp_main_pe66.oe66 (.text:xdc_runtime_Memory_HeapProxy_free__E)
                  008a0dc0    00000020     dsp_main_pe66.oe66 (.text:xdc_runtime_Memory_HeapProxy_getStats__E)
                  008a0de0    00000020     dsp_main_pe66.oe66 (.text:xdc_runtime_Memory_alloc__E)
                  008a0e00    00000020     dsp_main_pe66.oe66 (.text:xdc_runtime_Memory_calloc__E)
                  008a0e20    00000020     dsp_main_pe66.oe66 (.text:xdc_runtime_Memory_free__E)
                  008a0e40    00000020     dsp_main_pe66.oe66 (.text:xdc_runtime_Memory_getMaxDefaultTypeAlign__E)
                  008a0e60    00000020     ti.targets.rts6000.ae66 : Memory.oe66 (.text:xdc_runtime_Memory_getMaxDefaultTypeAlign__F)
                  008a0e80    00000020     dsp_main_pe66.oe66 (.text:xdc_runtime_Memory_getStats__E)
                  008a0ea0    00000020     dsp_main_pe66.oe66 (.text:xdc_runtime_Registry_addModule__E)
                  008a0ec0    00000020     dsp_main_pe66.oe66 (.text:xdc_runtime_Registry_findById__E)
                  008a0ee0    00000020     dsp_main_pe66.oe66 (.text:xdc_runtime_Startup_Module__startupDone__S)
                  008a0f00    00000020     dsp_main_pe66.oe66 (.text:xdc_runtime_Startup_exec__E)
                  008a0f20    00000020     dsp_main_pe66.oe66 (.text:xdc_runtime_Startup_reset__I)
                  008a0f40    00000020     dsp_main_pe66.oe66 (.text:xdc_runtime_Startup_rtsDone__E)
                  008a0f60    00000020     ti.targets.rts6000.ae66 : Startup.oe66 (.text:xdc_runtime_Startup_rtsDone__F)
                  008a0f80    00000020     dsp_main_pe66.oe66 (.text:xdc_runtime_SysMin_Module_startup__E)
                  008a0fa0    00000020     dsp_main_pe66.oe66 (.text:xdc_runtime_SysMin_abort__E)
                  008a0fc0    00000020     dsp_main_pe66.oe66 (.text:xdc_runtime_SysMin_exit__E)
                  008a0fe0    00000020     dsp_main_pe66.oe66 (.text:xdc_runtime_SysMin_putch__E)
                  008a1000    00000020     dsp_main_pe66.oe66 (.text:xdc_runtime_SysMin_ready__E)
                  008a1020    00000020     ti.targets.rts6000.ae66 : SysMin.oe66 (.text:xdc_runtime_SysMin_ready__F)
                  008a1040    00000020     dsp_main_pe66.oe66 (.text:xdc_runtime_System_Module_GateProxy_enter__E)
                  008a1060    00000020     dsp_main_pe66.oe66 (.text:xdc_runtime_System_Module_GateProxy_leave__E)
                  008a1080    00000020     dsp_main_pe66.oe66 (.text:xdc_runtime_System_Module_startup__E)
                  008a10a0    00000020     ti.targets.rts6000.ae66 : System.oe66 (.text:xdc_runtime_System_Module_startup__F)
                  008a10c0    00000020     dsp_main_pe66.oe66 (.text:xdc_runtime_System_SupportProxy_abort__E)
                  008a10e0    00000020     dsp_main_pe66.oe66 (.text:xdc_runtime_System_SupportProxy_exit__E)
                  008a1100    00000020     dsp_main_pe66.oe66 (.text:xdc_runtime_System_SupportProxy_putch__E)
                  008a1120    00000020     dsp_main_pe66.oe66 (.text:xdc_runtime_System_SupportProxy_ready__E)
                  008a1140    00000020     dsp_main_pe66.oe66 (.text:xdc_runtime_System_abort__E)
                  008a1160    00000020     dsp_main_pe66.oe66 (.text:xdc_runtime_System_atexit__E)
                  008a1180    00000020     dsp_main_pe66.oe66 (.text:xdc_runtime_System_exit__E)
                  008a11a0    00000020     ti.targets.rts6000.ae66 : System.oe66 (.text:xdc_runtime_System_exit__F)
                  008a11c0    00000020                             : System.oe66 (.text:xdc_runtime_System_lastFxn__I)
                  008a11e0    00000020     dsp_main_pe66.oe66 (.text:xdc_runtime_System_putch__E)
                  008a1200    00000020     dsp_main_pe66.oe66 (.text:xdc_runtime_System_vsnprintf__E)
                  008a1220    00000020     ti.targets.rts6000.ae66 : System.oe66 (.text:xdc_runtime_System_vsnprintf__F)
                  008a1240    00000020     dsp_main_pe66.oe66 (.text:xdc_runtime_Text_cordText__E)
                  008a1260    00000020     dsp_main_pe66.oe66 (.text:xdc_runtime_Text_putLab__E)
                  008a1280    00000020     dsp_main_pe66.oe66 (.text:xdc_runtime_Text_putMod__E)
                  008a12a0    00000020     dsp_main_pe66.oe66 (.text:xdc_runtime_Text_putSite__E)
                  008a12c0    00000020     dsp_main_pe66.oe66 (.text:xdc_runtime_Text_ropeText__E)
[...]
008f1ea8   ti_ipc_namesrv_NameServerRemoteRpmsg_Module__diagsEnabled__C
008f1eac   ti_ipc_namesrv_NameServerRemoteRpmsg_Module__diagsIncluded__C
008f1eb0   ti_ipc_namesrv_NameServerRemoteRpmsg_Module__diagsMask__C
008f1eb4   ti_ipc_namesrv_NameServerRemoteRpmsg_Module__loggerFxn1__C
008f1eb8   ti_ipc_namesrv_NameServerRemoteRpmsg_Module__loggerFxn2__C
008f1ebc   ti_ipc_namesrv_NameServerRemoteRpmsg_Module__loggerFxn4__C
008f1ec0   ti_ipc_namesrv_NameServerRemoteRpmsg_Module__loggerFxn8__C
008f1ec4   ti_ipc_namesrv_NameServerRemoteRpmsg_Module__loggerObj__C
008f1ec8   ti_ipc_namesrv_NameServerRemoteRpmsg_timeout__C
008f1ecc   ti_ipc_transports_TransportRpmsgSetup_Module__diagsEnabled__C
008f1ed0   ti_ipc_transports_TransportRpmsgSetup_Module__diagsIncluded__C
008f1ed4   ti_ipc_transports_TransportRpmsgSetup_Module__diagsMask__C
008f1ed8   ti_ipc_transports_TransportRpmsgSetup_Module__loggerFxn2__C
008f1edc   ti_ipc_transports_TransportRpmsgSetup_Module__loggerObj__C
008f1ee0   ti_ipc_transports_TransportRpmsg_Module__diagsEnabled__C
008f1ee4   ti_ipc_transports_TransportRpmsg_Module__diagsIncluded__C
008f1ee8   ti_ipc_transports_TransportRpmsg_Module__diagsMask__C
008f1eec   ti_ipc_transports_TransportRpmsg_Module__loggerFxn1__C
008f1ef0   ti_ipc_transports_TransportRpmsg_Module__loggerFxn2__C
008f1ef4   ti_ipc_transports_TransportRpmsg_Module__loggerFxn4__C
008f1ef8   ti_ipc_transports_TransportRpmsg_Module__loggerFxn8__C
008f1efc   ti_ipc_transports_TransportRpmsg_Module__loggerObj__C
008f1f00   ti_sdo_ipc_MessageQ_A_cannotFreeStaticMsg__C
008f1f04   ti_sdo_ipc_MessageQ_A_heapIdInvalid__C
008f1f08   ti_sdo_ipc_MessageQ_A_invalidMsg__C
008f1f0c   ti_sdo_ipc_MessageQ_A_invalidObj__C
008f1f10   ti_sdo_ipc_MessageQ_A_invalidQueueId__C
008f1f14   ti_sdo_ipc_MessageQ_A_procIdInvalid__C
008f1f18   ti_sdo_ipc_MessageQ_A_unregisteredTransport__C
008f1f1c   ti_sdo_ipc_MessageQ_Instance_State_highList__O
008f1f20   ti_sdo_ipc_MessageQ_Instance_State_normalList__O
008f1f24   ti_sdo_ipc_MessageQ_LM_free__C
008f1f28   ti_sdo_ipc_MessageQ_LM_putLocal__C
008f1f2c   ti_sdo_ipc_MessageQ_Module__diagsEnabled__C
008f1f30   ti_sdo_ipc_MessageQ_Module__diagsIncluded__C
008f1f34   ti_sdo_ipc_MessageQ_Module__diagsMask__C
008f1f38   ti_sdo_ipc_MessageQ_Module__loggerFxn4__C
008f1f3c   ti_sdo_ipc_MessageQ_Module__loggerObj__C
008f1f40   ti_sdo_ipc_MessageQ_Object__count__C
008f1f44   ti_sdo_ipc_MessageQ_Object__table__C
008f1f48   ti_sdo_ipc_Notify_A_alreadyRegistered__C
008f1f4c   ti_sdo_ipc_Notify_A_invArgument__C
008f1f50   ti_sdo_ipc_Notify_Module__diagsEnabled__C
008f1f54   ti_sdo_ipc_Notify_Module__diagsIncluded__C
008f1f58   ti_sdo_ipc_Notify_Module__diagsMask__C
008f1f5c   ti_sdo_ipc_Notify_Object__heap__C
008f1f60   ti_sdo_ipc_Notify_numEvents__C
008f1f64   ti_sdo_ipc_SharedRegion_A_idTooLarge__C
008f1f68   ti_sdo_ipc_SharedRegion_Module__diagsEnabled__C
008f1f6c   ti_sdo_ipc_SharedRegion_Module__diagsIncluded__C
008f1f70   ti_sdo_ipc_SharedRegion_Module__diagsMask__C
008f1f74   ti_sdo_ipc_family_tci663x_MultiProcSetup_A_invalidProcessor__C
008f1f78   ti_sdo_ipc_family_tci663x_MultiProcSetup_Module__diagsEnabled__C
008f1f7c   ti_sdo_ipc_family_tci663x_MultiProcSetup_Module__diagsIncluded__C
008f1f80   ti_sdo_ipc_family_tci663x_MultiProcSetup_Module__diagsMask__C
008f1f84   ti_sdo_ipc_family_tci663x_MultiProcSetup_procMap__C
008f1f88   ti_sdo_ipc_gates_GateHWSem_baseAddr__C
008f1f8c   ti_sdo_ipc_gates_GateHWSem_numSems__C
008f1f90   ti_sdo_ipc_gates_GateHWSem_reservedMaskArr__A
008f1f94   ti_sdo_ipc_gates_GateHWSem_reservedMaskArr__C
008f1f98   ti_sdo_ipc_interfaces_IMessageQTransport_Interface__BASE__C
008f1f9c   ti_sdo_utils_INameServerRemote_Interface__BASE__C
008f1fa0   ti_sdo_utils_List_Object__count__C
008f1fa4   ti_sdo_utils_List_Object__table__C
008f1fa8   ti_sdo_utils_MultiProc_A_invalidMultiProcId__C
008f1fac   ti_sdo_utils_MultiProc_A_invalidProcName__C
008f1fb0   ti_sdo_utils_MultiProc_Module__diagsEnabled__C
008f1fb4   ti_sdo_utils_MultiProc_Module__diagsIncluded__C
008f1fb8   ti_sdo_utils_MultiProc_Module__diagsMask__C
008f1fbc   ti_sdo_utils_MultiProc_nameList__C
008f1fc0   ti_sdo_utils_NameServer_A_invArgument__C
008f1fc4   ti_sdo_utils_NameServer_A_invalidLen__C
008f1fc8   ti_sdo_utils_NameServer_Instance_State_freeList__O
008f1fcc   ti_sdo_utils_NameServer_Instance_State_nameList__O
008f1fd0   ti_sdo_utils_NameServer_Module__diagsEnabled__C
008f1fd4   ti_sdo_utils_NameServer_Module__diagsIncluded__C
008f1fd8   ti_sdo_utils_NameServer_Module__diagsMask__C
008f1fdc   ti_sdo_utils_NameServer_Object__count__C
008f1fe0   ti_sdo_utils_NameServer_Object__table__C
008f1fe4   ti_sysbios_BIOS_Module__diagsEnabled__C
008f1fe8   ti_sysbios_BIOS_Module__diagsIncluded__C
008f1fec   ti_sysbios_BIOS_Module__diagsMask__C
008f1ff0   ti_sysbios_BIOS_installedErrorHook__C
008f1ff4   ti_sysbios_family_c62_TaskSupport_stackAlignment__C
008f1ff8   ti_sysbios_family_c64p_EventCombiner_E_unpluggedEvent__C
008f1ffc   ti_sysbios_family_c64p_Exception_E_exceptionMax__C
008f2000   ti_sysbios_family_c64p_Exception_exceptionHook__C
008f2004   ti_sysbios_family_c64p_Exception_externalHook__C
008f2008   ti_sysbios_family_c64p_Exception_internalHook__C
008f200c   ti_sysbios_family_c64p_Exception_nmiHook__C
008f2010   ti_sysbios_family_c64p_Hwi_E_alreadyDefined__C
008f2014   ti_sysbios_family_c64p_Hwi_E_handleNotFound__C
008f2018   ti_sysbios_family_c64p_Hwi_LD_end__C
008f201c   ti_sysbios_family_c64p_Hwi_LM_begin__C
008f2020   ti_sysbios_family_c64p_Hwi_Module__diagsEnabled__C
008f2024   ti_sysbios_family_c64p_Hwi_Module__diagsIncluded__C
008f2028   ti_sysbios_family_c64p_Hwi_Module__diagsMask__C
008f202c   ti_sysbios_family_c64p_Hwi_Module__loggerFxn1__C
008f2030   ti_sysbios_family_c64p_Hwi_Module__loggerFxn8__C
008f2034   ti_sysbios_family_c64p_Hwi_Module__loggerObj__C
008f2038   ti_sysbios_family_c66_Cache_atomicBlockSize__C
008f203c   ti_sysbios_family_c66_tci66xx_CpIntc_E_unpluggedSysInt__C
008f2040   ti_sysbios_family_c66_tci66xx_CpIntc_eventId__C
008f2044   ti_sysbios_family_c66_tci66xx_CpIntc_hostIntToEventId__C
008f2048   ti_sysbios_family_c66_tci66xx_CpIntc_numEvents__C
008f204c   ti_sysbios_family_c66_tci66xx_CpIntc_numStatusRegs__C
008f2050   ti_sysbios_family_c66_tci66xx_CpIntc_numSysInts__C
008f2054   ti_sysbios_family_c66_tci66xx_CpIntc_sysIntToHostInt__C
008f2058   ti_sysbios_gates_GateMutexPri_A_badContext__C
008f205c   ti_sysbios_gates_GateMutexPri_A_enterTaskDisabled__C
008f2060   ti_sysbios_gates_GateMutexPri_Instance_State_pendQ__O
008f2064   ti_sysbios_gates_GateMutexPri_Module__diagsEnabled__C
008f2068   ti_sysbios_gates_GateMutexPri_Module__diagsIncluded__C
008f206c   ti_sysbios_gates_GateMutexPri_Module__diagsMask__C
008f2070   ti_sysbios_gates_GateMutex_A_badContext__C
008f2074   ti_sysbios_gates_GateMutex_Instance_State_sem__O
008f2078   ti_sysbios_gates_GateMutex_Module__diagsEnabled__C
008f207c   ti_sysbios_gates_GateMutex_Module__diagsIncluded__C
008f2080   ti_sysbios_gates_GateMutex_Module__diagsMask__C
008f2084   ti_sysbios_gates_GateSwi_A_badContext__C
008f2088   ti_sysbios_gates_GateSwi_Module__diagsEnabled__C
008f208c   ti_sysbios_gates_GateSwi_Module__diagsIncluded__C
008f2090   ti_sysbios_gates_GateSwi_Module__diagsMask__C
008f2094   ti_sysbios_hal_Hwi_E_stackOverflow__C
008f2098   ti_sysbios_heaps_HeapBuf_A_bufAlign__C
008f209c   ti_sysbios_heaps_HeapBuf_A_invalidAlign__C
008f20a0   ti_sysbios_heaps_HeapBuf_A_invalidBufSize__C
008f20a4   ti_sysbios_heaps_HeapBuf_A_invalidFree__C
008f20a8   ti_sysbios_heaps_HeapBuf_A_invalidRequestedAlign__C
008f20ac   ti_sysbios_heaps_HeapBuf_A_noBlocksToFree__C
008f20b0   ti_sysbios_heaps_HeapBuf_A_nullBuf__C
008f20b4   ti_sysbios_heaps_HeapBuf_A_zeroBlockSize__C
008f20b8   ti_sysbios_heaps_HeapBuf_A_zeroBlocks__C
008f20bc   ti_sysbios_heaps_HeapBuf_A_zeroBufSize__C
008f20c0   ti_sysbios_heaps_HeapBuf_E_size__C
008f20c4   ti_sysbios_heaps_HeapBuf_Instance_State_freeList__O
008f20c8   ti_sysbios_heaps_HeapBuf_Module__diagsEnabled__C
008f20cc   ti_sysbios_heaps_HeapBuf_Module__diagsIncluded__C
008f20d0   ti_sysbios_heaps_HeapBuf_Module__diagsMask__C
008f20d4   ti_sysbios_heaps_HeapBuf_Object__count__C
008f20d8   ti_sysbios_heaps_HeapBuf_Object__table__C
008f20dc   ti_sysbios_heaps_HeapBuf_numConstructedHeaps__C
008f20e0   ti_sysbios_heaps_HeapMem_A_align__C
008f20e4   ti_sysbios_heaps_HeapMem_A_heapSize__C
008f20e8   ti_sysbios_heaps_HeapMem_A_invalidFree__C
008f20ec   ti_sysbios_heaps_HeapMem_A_zeroBlock__C
008f20f0   ti_sysbios_heaps_HeapMem_E_memory__C
008f20f4   ti_sysbios_heaps_HeapMem_Module__diagsEnabled__C
008f20f8   ti_sysbios_heaps_HeapMem_Module__diagsIncluded__C
008f20fc   ti_sysbios_heaps_HeapMem_Module__diagsMask__C
008f2100   ti_sysbios_heaps_HeapMem_Module__gateObj__C
008f2104   ti_sysbios_heaps_HeapMem_Object__count__C
008f2108   ti_sysbios_heaps_HeapMem_Object__table__C
008f210c   ti_sysbios_heaps_HeapMem_reqAlign__C
008f2110   ti_sysbios_knl_Clock_LM_begin__C
008f2114   ti_sysbios_knl_Clock_LM_tick__C
008f2118   ti_sysbios_knl_Clock_LW_delayed__C
008f211c   ti_sysbios_knl_Clock_Module_State_clockQ__O
008f2120   ti_sysbios_knl_Clock_Module__diagsEnabled__C
008f2124   ti_sysbios_knl_Clock_Module__diagsIncluded__C
008f2128   ti_sysbios_knl_Clock_Module__diagsMask__C
008f212c   ti_sysbios_knl_Clock_Module__loggerFxn1__C
008f2130   ti_sysbios_knl_Clock_Module__loggerFxn2__C
008f2134   ti_sysbios_knl_Clock_Module__loggerObj__C
008f2138   ti_sysbios_knl_Queue_Object__count__C
008f213c   ti_sysbios_knl_Queue_Object__table__C
008f2140   ti_sysbios_knl_Semaphore_A_badContext__C
008f2144   ti_sysbios_knl_Semaphore_A_noEvents__C
008f2148   ti_sysbios_knl_Semaphore_A_overflow__C
008f214c   ti_sysbios_knl_Semaphore_A_pendTaskDisabled__C
008f2150   ti_sysbios_knl_Semaphore_Instance_State_pendQ__O
008f2154   ti_sysbios_knl_Semaphore_LM_pend__C
008f2158   ti_sysbios_knl_Semaphore_LM_post__C
008f215c   ti_sysbios_knl_Semaphore_Module__diagsEnabled__C
008f2160   ti_sysbios_knl_Semaphore_Module__diagsIncluded__C
008f2164   ti_sysbios_knl_Semaphore_Module__diagsMask__C
008f2168   ti_sysbios_knl_Semaphore_Module__loggerFxn2__C
008f216c   ti_sysbios_knl_Semaphore_Module__loggerFxn4__C
008f2170   ti_sysbios_knl_Semaphore_Module__loggerObj__C
008f2174   ti_sysbios_knl_Swi_A_badPriority__C
008f2178   ti_sysbios_knl_Swi_LD_end__C
008f217c   ti_sysbios_knl_Swi_LM_begin__C
008f2180   ti_sysbios_knl_Swi_LM_post__C
008f2184   ti_sysbios_knl_Swi_Module__diagsEnabled__C
008f2188   ti_sysbios_knl_Swi_Module__diagsIncluded__C
008f218c   ti_sysbios_knl_Swi_Module__diagsMask__C
008f2190   ti_sysbios_knl_Swi_Module__loggerFxn1__C
008f2194   ti_sysbios_knl_Swi_Module__loggerFxn4__C
008f2198   ti_sysbios_knl_Swi_Module__loggerObj__C
008f219c   ti_sysbios_knl_Swi_Object__count__C
008f21a0   ti_sysbios_knl_Swi_Object__table__C
008f21a4   ti_sysbios_knl_Task_A_badPriority__C
008f21a8   ti_sysbios_knl_Task_A_badTaskState__C
008f21ac   ti_sysbios_knl_Task_A_badThreadType__C
008f21b0   ti_sysbios_knl_Task_A_noPendElem__C
008f21b4   ti_sysbios_knl_Task_E_deleteNotAllowed__C
008f21b8   ti_sysbios_knl_Task_E_spOutOfBounds__C
008f21bc   ti_sysbios_knl_Task_E_stackOverflow__C
008f21c0   ti_sysbios_knl_Task_LD_block__C
008f21c4   ti_sysbios_knl_Task_LD_exit__C
008f21c8   ti_sysbios_knl_Task_LD_ready__C
008f21cc   ti_sysbios_knl_Task_LM_setPri__C
008f21d0   ti_sysbios_knl_Task_LM_switch__C
008f21d4   ti_sysbios_knl_Task_Module_State_inactiveQ__O
008f21d8   ti_sysbios_knl_Task_Module_State_terminatedQ__O
008f21dc   ti_sysbios_knl_Task_Module__diagsEnabled__C
008f21e0   ti_sysbios_knl_Task_Module__diagsIncluded__C
008f21e4   ti_sysbios_knl_Task_Module__diagsMask__C
008f21e8   ti_sysbios_knl_Task_Module__loggerFxn2__C
008f21ec   ti_sysbios_knl_Task_Module__loggerFxn4__C
008f21f0   ti_sysbios_knl_Task_Module__loggerObj__C
008f21f4   ti_sysbios_knl_Task_Object__count__C
008f21f8   ti_sysbios_knl_Task_Object__heap__C
008f21fc   ti_sysbios_knl_Task_Object__table__C
008f2200   ti_sysbios_knl_Task_allBlockedFunc__C
008f2204   ti_sysbios_knl_Task_defaultStackHeap__C
008f2208   ti_sysbios_knl_Task_defaultStackSize__C
008f220c   ti_sysbios_knl_Task_numConstructedTasks__C
008f2210   ti_sysbios_timers_timer64_Timer_A_notAvailable__C
008f2214   ti_sysbios_timers_timer64_Timer_E_cannotSupport__C
008f2218   ti_sysbios_timers_timer64_Timer_Module__diagsEnabled__C
008f221c   ti_sysbios_timers_timer64_Timer_Module__diagsIncluded__C
008f2220   ti_sysbios_timers_timer64_Timer_Module__diagsMask__C
008f2224   ti_sysbios_timers_timer64_Timer_anyMask__C
008f2228   ti_sysbios_timers_timer64_Timer_freqDivisor__C
008f222c   ti_sysbios_timers_timer64_Timer_numLocalTimers__C
008f2230   ti_sysbios_timers_timer64_Timer_numTimerDevices__C
008f2234   ti_sysbios_xdcruntime_GateThreadSupport_Instance_State_gate__O
008f2238   xdc_runtime_Assert_E_assertFailed__C
008f223c   xdc_runtime_Core_A_initializedParams__C
008f2240   xdc_runtime_Core_Module__diagsEnabled__C
008f2244   xdc_runtime_Core_Module__diagsIncluded__C
008f2248   xdc_runtime_Core_Module__diagsMask__C
008f224c   xdc_runtime_Error_E_generic__C
008f2250   xdc_runtime_Error_E_memory__C
008f2254   xdc_runtime_Error_Module__diagsEnabled__C
008f2258   xdc_runtime_Error_Module__diagsIncluded__C
008f225c   xdc_runtime_Error_Module__diagsMask__C
008f2260   xdc_runtime_Error_Module__loggerFxn8__C
008f2264   xdc_runtime_Error_Module__loggerObj__C
008f2268   xdc_runtime_Error_policy__C
008f226c   xdc_runtime_Error_raiseHook__C
008f2270   xdc_runtime_IGateProvider_Interface__BASE__C
008f2274   xdc_runtime_IHeap_Interface__BASE__C
008f2278   xdc_runtime_ILogger_Interface__BASE__C
008f227c   xdc_runtime_IModule_Interface__BASE__C
008f2280   xdc_runtime_Log_L_error__C
008f2284   xdc_runtime_Main_Module__diagsEnabled__C
008f2288   xdc_runtime_Main_Module__diagsIncluded__C
008f228c   xdc_runtime_Main_Module__diagsMask__C
008f2290   xdc_runtime_Memory_defaultHeapInstance__C
008f2294   xdc_runtime_Registry_Module__diagsEnabled__C
008f2298   xdc_runtime_Registry_Module__diagsIncluded__C
008f229c   xdc_runtime_Registry_Module__diagsMask__C
008f22a0   xdc_runtime_Registry_Module__loggerFxn1__C
008f22a4   xdc_runtime_Registry_Module__loggerFxn2__C
008f22a8   xdc_runtime_Registry_Module__loggerFxn4__C
008f22ac   xdc_runtime_Registry_Module__loggerFxn8__C
008f22b0   xdc_runtime_Registry_Module__loggerObj__C
008f22b4   xdc_runtime_Startup_execImpl__C
008f22b8   xdc_runtime_Startup_lastFxns__A
008f22bc   xdc_runtime_Startup_maxPasses__C
008f22c0   xdc_runtime_Startup_sfxnRts__C
008f22c4   xdc_runtime_Startup_sfxnTab__C
008f22c8   xdc_runtime_Startup_startModsFxn__C
008f22cc   xdc_runtime_SysMin_bufSize__C
008f22d0   xdc_runtime_SysMin_outputFunc__C
008f22d4   xdc_runtime_System_Module__gateObj__C
008f22d8   xdc_runtime_System_extendFxn__C
008f22dc   xdc_runtime_System_maxAtexitHandlers__C
008f22e0   xdc_runtime_Text_charTab__C
008f22e4   xdc_runtime_Text_nameEmpty__C
008f22e8   xdc_runtime_Text_nameStatic__C
008f22ec   xdc_runtime_Text_nameUnknown__C
008f22f0   xdc_runtime_Text_nodeTab__C
008f22f4   xdc_runtime_Text_visitRopeFxn__C
008f22f8   ti_sdo_ipc_MessageQ_Module__id__C
008f22fa   ti_sdo_ipc_MessageQ_Module__loggerDefined__C
008f22fc   ti_sdo_ipc_Notify_Module__id__C
008f22fe   ti_sdo_ipc_Notify_numLines__C
008f2300   ti_sdo_ipc_SharedRegion_Module__id__C
008f2302   ti_sdo_ipc_SharedRegion_numEntries__C
008f2304   ti_sdo_ipc_SharedRegion_translate__C
008f2306   ti_sdo_ipc_family_tci663x_MultiProcSetup_Module__id__C
008f2308   ti_sdo_utils_MultiProc_Module__id__C
008f230a   ti_sdo_utils_MultiProc_numProcessors__C
008f230c   ti_sdo_utils_MultiProc_numProcsInCluster__C
008f230e   ti_sdo_utils_NameServer_Module__id__C
008f2310   ti_sysbios_BIOS_Module__id__C
008f2312   ti_sysbios_family_c64p_EventCombiner_Module__id__C
008f2314   ti_sysbios_family_c64p_Exception_Module__id__C
008f2316   ti_sysbios_family_c64p_Exception_useInternalBuffer__C
008f2318   ti_sysbios_family_c64p_Hwi_Module__id__C
008f231a   ti_sysbios_family_c64p_Hwi_Module__loggerDefined__C
008f231c   ti_sysbios_family_c66_tci66xx_CpIntc_Module__id__C
008f231e   ti_sysbios_gates_GateMutexPri_Module__id__C
008f2320   ti_sysbios_gates_GateMutex_Module__id__C
008f2322   ti_sysbios_gates_GateSwi_Module__id__C
008f2324   ti_sysbios_hal_Hwi_Module__id__C
008f2326   ti_sysbios_heaps_HeapBuf_Module__id__C
008f2328   ti_sysbios_heaps_HeapBuf_trackMaxAllocs__C
008f232a   ti_sysbios_heaps_HeapMem_Module__id__C
008f232c   ti_sysbios_knl_Clock_Module__id__C
008f232e   ti_sysbios_knl_Clock_Module__loggerDefined__C
008f2330   ti_sysbios_knl_Semaphore_Module__id__C
008f2332   ti_sysbios_knl_Semaphore_Module__loggerDefined__C
008f2334   ti_sysbios_knl_Swi_Module__id__C
008f2336   ti_sysbios_knl_Swi_Module__loggerDefined__C
008f2338   ti_sysbios_knl_Task_Module__id__C
008f233a   ti_sysbios_knl_Task_Module__loggerDefined__C
008f233c   ti_sysbios_knl_Task_initStackFlag__C
008f233e   ti_sysbios_timers_timer64_Timer_Module__id__C
008f2340   ti_sysbios_timers_timer64_Timer_startupNeeded__C
008f2342   xdc_runtime_Core_Module__id__C
008f2344   xdc_runtime_Error_Module__loggerDefined__C
008f2346   xdc_runtime_Error_maxDepth__C
008f2348   xdc_runtime_Main_Module__id__C
008f234a   xdc_runtime_Memory_Module__id__C
008f234c   xdc_runtime_Registry_Module__loggerDefined__C
008f234e   xdc_runtime_SysMin_flushAtExit__C
008f2350   xdc_runtime_Text_charCnt__C
008f2352   xdc_runtime_Text_isLoaded__C
008f2354   xdc_runtime_Text_registryModsLastId__C
008f2356   xdc_runtime_Text_unnamedModsLastId__C
008f2358   ti_sysbios_heaps_HeapMem_Instance_State_1_buf__A
008f6358   _stack
008f7358   __TI_STACK_END
008f7400   ti_sysbios_family_c64p_Hwi0
008f7400   ti_sysbios_family_c64p_Hwi_int0
008f7420   ti_sysbios_family_c64p_Hwi_int1
008f7440   ti_sysbios_family_c64p_Hwi_int2
008f7460   ti_sysbios_family_c64p_Hwi_int3
008f7480   ti_sysbios_family_c64p_Hwi_int4
008f74a0   ti_sysbios_family_c64p_Hwi_int5
008f74c0   ti_sysbios_family_c64p_Hwi_int6
008f74e0   ti_sysbios_family_c64p_Hwi_int7
008f7500   ti_sysbios_family_c64p_Hwi_int8
008f7520   ti_sysbios_family_c64p_Hwi_int9
008f7540   ti_sysbios_family_c64p_Hwi_int10
008f7560   ti_sysbios_family_c64p_Hwi_int11
008f7580   ti_sysbios_family_c64p_Hwi_int12
008f75a0   ti_sysbios_family_c64p_Hwi_int13
008f75c0   ti_sysbios_family_c64p_Hwi_int14
008f75e0   ti_sysbios_family_c64p_Hwi_int15
008f7600   __CIOBUF_
008f7720   __TI_STATIC_BASE
008f7720   testMaxCodeBlocks
008f7724   hEdma
008f7728   tpccNum
008f772c   tpccRegionUsed
008f7730   dspCoreID
008f7734   instNum
008f7738   pingComplete
008f773c   pongComplete
008f7740   sendBlockCnt
008f7744   rcvBlockCnt
008f7748   totErrCnt
008f774c   inst
008f7750   total_clock_end
008f7754   total_clock_start
008f7758   test_cycles
008f775c   TotalBitsDecoded
008f7760   ThroughPut
008f7764   semRcvDone
008f7768   semSendBlock
008f776c   semSendWait
008f7770   semRcvStart
008f7774   coreNum
008f7776   testErrors
008f7778   dsp_num
008f777c   tpccRegionUsedLoc
008f7780   bufs
008f7784   nbufs
008f7788   profileTagInd
008f778c   dataHeap
008f7790   drvHeap
008f7794   pauseIntr
008f7798   l2pIntr
008f779c   soldoutCntr
008f77a0   tcp3dEventCntr
008f77a4   tpccEvtCntr
008f77a8   rcvStartFlag
008f77ac   pauseIntFlag
008f77b0   afterIntrSoldout
008f77b4   afterIntrPause
008f77b8   pendPauseCntr
008f77bc   testCntr
008f77c0   testErrCntr
008f77c4   tcp3dResultSend
008f77d8   hwiInterrupt
008f77dc   tpccIsrCntr
008f77e0   tpccCbCntr
008f77f0   morePrints
008f77fc   tcp3dDrvHeap
008f7800   numEdma3Instances
008f7c00   _c_int00
008fc160   __TI_Handler_Table_Base
008fc16c   __TI_Handler_Table_Limit
008fc194   __TI_CINIT_Base
008fc1dc   __TI_CINIT_Limit
0c000000   codeBlockSet
ffffffff   __TI_pprof_out_hndl
ffffffff   __TI_prof_data_size
ffffffff   __TI_prof_data_start
ffffffff   __binit__
ffffffff   __c_args__
ffffffff   binit
UNDEFED    __TI_INITARRAY_Base
UNDEFED    __TI_INITARRAY_Limit

[1425 symbols]
